0 verbose cli /usr/local/bin/node /usr/local/bin/npm
1 info using npm@10.2.4
2 info using node@v21.6.1
3 timing npm:load:whichnode Completed in 1ms
4 timing config:load:defaults Completed in 2ms
5 timing config:load:file:/usr/local/lib/node_modules/npm/npmrc Completed in 1ms
6 timing config:load:builtin Completed in 1ms
7 timing config:load:cli Completed in 3ms
8 timing config:load:env Completed in 0ms
9 timing config:load:file:/Users/mr.akpini/Desktop/urban-kicks/backend/.npmrc Completed in 2ms
10 timing config:load:project Completed in 4ms
11 timing config:load:file:/Users/mr.akpini/.npmrc Completed in 0ms
12 timing config:load:user Completed in 0ms
13 timing config:load:file:/usr/local/etc/npmrc Completed in 1ms
14 timing config:load:global Completed in 1ms
15 timing config:load:setEnvs Completed in 0ms
16 timing config:load Completed in 13ms
17 timing npm:load:configload Completed in 13ms
18 timing config:load:flatten Completed in 2ms
19 timing npm:load:mkdirpcache Completed in 0ms
20 timing npm:load:mkdirplogs Completed in 0ms
21 verbose title npm install prisma@5 @prisma/client@5
22 verbose argv "install" "prisma@5" "@prisma/client@5" "--save-dev"
23 timing npm:load:setTitle Completed in 27ms
24 timing npm:load:display Completed in 2ms
25 verbose logfile logs-max:10 dir:/Users/mr.akpini/Desktop/urban-kicks/.npm-cache/_logs/2026-04-08T15_29_05_997Z-
26 verbose logfile /Users/mr.akpini/Desktop/urban-kicks/.npm-cache/_logs/2026-04-08T15_29_05_997Z-debug-0.log
27 timing npm:load:logFile Completed in 11ms
28 timing npm:load:timers Completed in 0ms
29 timing npm:load:configScope Completed in 0ms
30 timing npm:load Completed in 72ms
31 timing arborist:ctor Completed in 1ms
32 silly logfile done cleaning log files
33 timing idealTree:init Completed in 524ms
34 timing idealTree:userRequests Completed in 2ms
35 silly idealTree buildDeps
36 silly fetch manifest prisma@5
37 verbose shrinkwrap failed to load node_modules/.package-lock.json out of date, updated: node_modules
38 http fetch GET 200 https://registry.npmjs.org/prisma 101ms (cache hit)
39 silly fetch manifest @prisma/client@5
40 http fetch GET 200 https://registry.npmjs.org/@prisma%2fclient 17683ms (cache miss)
41 silly placeDep ROOT @prisma/client@5.22.0 OK for: backend@0.0.1 want: 5
42 silly placeDep ROOT prisma@5.22.0 OK for: backend@0.0.1 want: 5
43 silly fetch manifest @prisma/engines@5.22.0
44 http fetch GET 200 https://registry.npmjs.org/@prisma%2fengines 35ms (cache hit)
45 timing idealTree:#root Completed in 18518ms
46 timing idealTree:node_modules/@prisma/client Completed in 0ms
47 silly placeDep ROOT @prisma/engines@5.22.0 OK for: prisma@5.22.0 want: 5.22.0
48 silly fetch manifest @prisma/debug@5.22.0
49 silly fetch manifest @prisma/fetch-engine@5.22.0
50 silly fetch manifest @prisma/get-platform@5.22.0
51 silly fetch manifest @prisma/engines-version@5.22.0-44.605197351a3c8bdd595af2d2a9bc3025bca48ea2
52 http fetch GET 200 https://registry.npmjs.org/@prisma%2fget-platform 49ms (cache hit)
53 http fetch GET 200 https://registry.npmjs.org/@prisma%2fdebug 198ms (cache hit)
54 http fetch GET 200 https://registry.npmjs.org/@prisma%2fengines-version 311ms (cache hit)
55 http fetch GET 200 https://registry.npmjs.org/@prisma%2ffetch-engine 370ms (cache hit)
56 timing idealTree:node_modules/prisma Completed in 498ms
57 silly placeDep ROOT @prisma/debug@5.22.0 OK for: @prisma/engines@5.22.0 want: 5.22.0
58 silly placeDep ROOT @prisma/engines-version@5.22.0-44.605197351a3c8bdd595af2d2a9bc3025bca48ea2 OK for: @prisma/engines@5.22.0 want: 5.22.0-44.605197351a3c8bdd595af2d2a9bc3025bca48ea2
59 silly placeDep ROOT @prisma/fetch-engine@5.22.0 OK for: @prisma/engines@5.22.0 want: 5.22.0
60 silly placeDep ROOT @prisma/get-platform@5.22.0 OK for: @prisma/engines@5.22.0 want: 5.22.0
61 timing idealTree:node_modules/@prisma/engines Completed in 9ms
62 timing idealTree:node_modules/@prisma/debug Completed in 0ms
63 timing idealTree:node_modules/@prisma/engines-version Completed in 0ms
64 timing idealTree:node_modules/@prisma/fetch-engine Completed in 0ms
65 timing idealTree:node_modules/@prisma/get-platform Completed in 0ms
66 timing idealTree:buildDeps Completed in 19028ms
67 timing idealTree:fixDepFlags Completed in 6ms
68 warn EBADENGINE Unsupported engine {
68 warn EBADENGINE   package: 'eslint-visitor-keys@5.0.1',
68 warn EBADENGINE   required: { node: '^20.19.0 || ^22.13.0 || >=24' },
68 warn EBADENGINE   current: { node: 'v21.6.1', npm: '10.2.4' }
68 warn EBADENGINE }
69 warn EBADENGINE Unsupported engine {
69 warn EBADENGINE   package: 'balanced-match@4.0.4',
69 warn EBADENGINE   required: { node: '18 || 20 || >=22' },
69 warn EBADENGINE   current: { node: 'v21.6.1', npm: '10.2.4' }
69 warn EBADENGINE }
70 warn EBADENGINE Unsupported engine {
70 warn EBADENGINE   package: 'brace-expansion@5.0.5',
70 warn EBADENGINE   required: { node: '18 || 20 || >=22' },
70 warn EBADENGINE   current: { node: 'v21.6.1', npm: '10.2.4' }
70 warn EBADENGINE }
71 warn EBADENGINE Unsupported engine {
71 warn EBADENGINE   package: 'minimatch@10.2.5',
71 warn EBADENGINE   required: { node: '18 || 20 || >=22' },
71 warn EBADENGINE   current: { node: 'v21.6.1', npm: '10.2.4' }
71 warn EBADENGINE }
72 timing idealTree Completed in 19573ms
73 timing reify:loadTrees Completed in 19575ms
74 timing reify:diffTrees Completed in 13ms
75 silly reify mark retired [
75 silly reify   '/Users/mr.akpini/Desktop/urban-kicks/backend/node_modules/better-result'
75 silly reify ]
76 silly reify mark retired [ '/Users/mr.akpini/Desktop/urban-kicks/backend/node_modules/c12' ]
77 silly reify mark retired [
77 silly reify   '/Users/mr.akpini/Desktop/urban-kicks/backend/node_modules/chart.js'
77 silly reify ]
78 silly reify mark retired [
78 silly reify   '/Users/mr.akpini/Desktop/urban-kicks/backend/node_modules/deepmerge-ts'
78 silly reify ]
79 silly reify mark retired [ '/Users/mr.akpini/Desktop/urban-kicks/backend/node_modules/effect' ]
80 silly reify mark retired [
80 silly reify   '/Users/mr.akpini/Desktop/urban-kicks/backend/node_modules/empathic'
80 silly reify ]
81 silly reify mark retired [
81 silly reify   '/Users/mr.akpini/Desktop/urban-kicks/backend/node_modules/fast-check'
81 silly reify ]
82 silly reify mark retired [
82 silly reify   '/Users/mr.akpini/Desktop/urban-kicks/backend/node_modules/get-port-please'
82 silly reify ]
83 silly reify mark retired [ '/Users/mr.akpini/Desktop/urban-kicks/backend/node_modules/hono' ]
84 silly reify mark retired [
84 silly reify   '/Users/mr.akpini/Desktop/urban-kicks/backend/node_modules/http-status-codes'
84 silly reify ]
85 silly reify mark retired [ '/Users/mr.akpini/Desktop/urban-kicks/backend/node_modules/jiti' ]
86 silly reify mark retired [ '/Users/mr.akpini/Desktop/urban-kicks/backend/node_modules/mysql2' ]
87 silly reify mark retired [ '/Users/mr.akpini/Desktop/urban-kicks/backend/node_modules/pathe' ]
88 silly reify mark retired [
88 silly reify   '/Users/mr.akpini/Desktop/urban-kicks/backend/node_modules/postgres'
88 silly reify ]
89 silly reify mark retired [ '/Users/mr.akpini/Desktop/urban-kicks/backend/node_modules/prisma' ]
90 silly reify mark retired [
90 silly reify   '/Users/mr.akpini/Desktop/urban-kicks/backend/node_modules/proper-lockfile'
90 silly reify ]
91 silly reify mark retired [ '/Users/mr.akpini/Desktop/urban-kicks/backend/node_modules/react' ]
92 silly reify mark retired [
92 silly reify   '/Users/mr.akpini/Desktop/urban-kicks/backend/node_modules/react-dom'
92 silly reify ]
93 silly reify mark retired [ '/Users/mr.akpini/Desktop/urban-kicks/backend/node_modules/remeda' ]
94 silly reify mark retired [ '/Users/mr.akpini/Desktop/urban-kicks/backend/node_modules/std-env' ]
95 silly reify mark retired [ '/Users/mr.akpini/Desktop/urban-kicks/backend/node_modules/valibot' ]
96 silly reify mark retired [
96 silly reify   '/Users/mr.akpini/Desktop/urban-kicks/backend/node_modules/zeptomatch'
96 silly reify ]
97 silly reify mark retired [
97 silly reify   '/Users/mr.akpini/Desktop/urban-kicks/backend/node_modules/@electric-sql/pglite'
97 silly reify ]
98 silly reify mark retired [
98 silly reify   '/Users/mr.akpini/Desktop/urban-kicks/backend/node_modules/@electric-sql/pglite-socket'
98 silly reify ]
99 silly reify mark retired [
99 silly reify   '/Users/mr.akpini/Desktop/urban-kicks/backend/node_modules/@electric-sql/pglite-tools'
99 silly reify ]
100 silly reify mark retired [
100 silly reify   '/Users/mr.akpini/Desktop/urban-kicks/backend/node_modules/@hono/node-server'
100 silly reify ]
101 silly reify mark retired [
101 silly reify   '/Users/mr.akpini/Desktop/urban-kicks/backend/node_modules/@kurkle/color'
101 silly reify ]
102 silly reify mark retired [
102 silly reify   '/Users/mr.akpini/Desktop/urban-kicks/backend/node_modules/@prisma/config'
102 silly reify ]
103 silly reify mark retired [
103 silly reify   '/Users/mr.akpini/Desktop/urban-kicks/backend/node_modules/@prisma/debug'
103 silly reify ]
104 silly reify mark retired [
104 silly reify   '/Users/mr.akpini/Desktop/urban-kicks/backend/node_modules/@prisma/dev'
104 silly reify ]
105 silly reify mark retired [
105 silly reify   '/Users/mr.akpini/Desktop/urban-kicks/backend/node_modules/@prisma/engines'
105 silly reify ]
106 silly reify mark retired [
106 silly reify   '/Users/mr.akpini/Desktop/urban-kicks/backend/node_modules/@prisma/engines-version'
106 silly reify ]
107 silly reify mark retired [
107 silly reify   '/Users/mr.akpini/Desktop/urban-kicks/backend/node_modules/@prisma/fetch-engine'
107 silly reify ]
108 silly reify mark retired [
108 silly reify   '/Users/mr.akpini/Desktop/urban-kicks/backend/node_modules/@prisma/get-platform'
108 silly reify ]
109 silly reify mark retired [
109 silly reify   '/Users/mr.akpini/Desktop/urban-kicks/backend/node_modules/@prisma/query-plan-executor'
109 silly reify ]
110 silly reify mark retired [
110 silly reify   '/Users/mr.akpini/Desktop/urban-kicks/backend/node_modules/@prisma/streams-local'
110 silly reify ]
111 silly reify mark retired [
111 silly reify   '/Users/mr.akpini/Desktop/urban-kicks/backend/node_modules/@prisma/studio-core'
111 silly reify ]
112 silly reify mark retired [
112 silly reify   '/Users/mr.akpini/Desktop/urban-kicks/backend/node_modules/@radix-ui/primitive'
112 silly reify ]
113 silly reify mark retired [
113 silly reify   '/Users/mr.akpini/Desktop/urban-kicks/backend/node_modules/@radix-ui/react-compose-refs'
113 silly reify ]
114 silly reify mark retired [
114 silly reify   '/Users/mr.akpini/Desktop/urban-kicks/backend/node_modules/@radix-ui/react-primitive'
114 silly reify ]
115 silly reify mark retired [
115 silly reify   '/Users/mr.akpini/Desktop/urban-kicks/backend/node_modules/@radix-ui/react-slot'
115 silly reify ]
116 silly reify mark retired [
116 silly reify   '/Users/mr.akpini/Desktop/urban-kicks/backend/node_modules/@radix-ui/react-toggle'
116 silly reify ]
117 silly reify mark retired [
117 silly reify   '/Users/mr.akpini/Desktop/urban-kicks/backend/node_modules/@radix-ui/react-use-controllable-state'
117 silly reify ]
118 silly reify mark retired [
118 silly reify   '/Users/mr.akpini/Desktop/urban-kicks/backend/node_modules/@radix-ui/react-use-effect-event'
118 silly reify ]
119 silly reify mark retired [
119 silly reify   '/Users/mr.akpini/Desktop/urban-kicks/backend/node_modules/@radix-ui/react-use-layout-effect'
119 silly reify ]
120 silly reify mark retired [
120 silly reify   '/Users/mr.akpini/Desktop/urban-kicks/backend/node_modules/@standard-schema/spec'
120 silly reify ]
121 silly reify mark retired [
121 silly reify   '/Users/mr.akpini/Desktop/urban-kicks/backend/node_modules/aws-ssl-profiles'
121 silly reify ]
122 silly reify mark retired [ '/Users/mr.akpini/Desktop/urban-kicks/backend/node_modules/citty' ]
123 silly reify mark retired [ '/Users/mr.akpini/Desktop/urban-kicks/backend/node_modules/confbox' ]
124 silly reify mark retired [ '/Users/mr.akpini/Desktop/urban-kicks/backend/node_modules/csstype' ]
125 silly reify mark retired [ '/Users/mr.akpini/Desktop/urban-kicks/backend/node_modules/defu' ]
126 silly reify mark retired [ '/Users/mr.akpini/Desktop/urban-kicks/backend/node_modules/destr' ]
127 silly reify mark retired [ '/Users/mr.akpini/Desktop/urban-kicks/backend/node_modules/denque' ]
128 silly reify mark retired [ '/Users/mr.akpini/Desktop/urban-kicks/backend/node_modules/dotenv' ]
129 silly reify mark retired [
129 silly reify   '/Users/mr.akpini/Desktop/urban-kicks/backend/node_modules/env-paths'
129 silly reify ]
130 silly reify mark retired [ '/Users/mr.akpini/Desktop/urban-kicks/backend/node_modules/exsolve' ]
131 silly reify mark retired [
131 silly reify   '/Users/mr.akpini/Desktop/urban-kicks/backend/node_modules/generate-function'
131 silly reify ]
132 silly reify mark retired [
132 silly reify   '/Users/mr.akpini/Desktop/urban-kicks/backend/node_modules/giget',
132 silly reify   '/Users/mr.akpini/Desktop/urban-kicks/backend/node_modules/.bin/giget'
132 silly reify ]
133 silly reify mark retired [ '/Users/mr.akpini/Desktop/urban-kicks/backend/node_modules/grammex' ]
134 silly reify mark retired [
134 silly reify   '/Users/mr.akpini/Desktop/urban-kicks/backend/node_modules/graphmatch'
134 silly reify ]
135 silly reify mark retired [
135 silly reify   '/Users/mr.akpini/Desktop/urban-kicks/backend/node_modules/is-property'
135 silly reify ]
136 silly reify mark retired [ '/Users/mr.akpini/Desktop/urban-kicks/backend/node_modules/long' ]
137 silly reify mark retired [ '/Users/mr.akpini/Desktop/urban-kicks/backend/node_modules/lru.min' ]
138 silly reify mark retired [
138 silly reify   '/Users/mr.akpini/Desktop/urban-kicks/backend/node_modules/named-placeholders'
138 silly reify ]
139 silly reify mark retired [
139 silly reify   '/Users/mr.akpini/Desktop/urban-kicks/backend/node_modules/node-fetch-native'
139 silly reify ]
140 silly reify mark retired [
140 silly reify   '/Users/mr.akpini/Desktop/urban-kicks/backend/node_modules/nypm',
140 silly reify   '/Users/mr.akpini/Desktop/urban-kicks/backend/node_modules/.bin/nypm'
140 silly reify ]
141 silly reify mark retired [ '/Users/mr.akpini/Desktop/urban-kicks/backend/node_modules/ohash' ]
142 silly reify mark retired [
142 silly reify   '/Users/mr.akpini/Desktop/urban-kicks/backend/node_modules/perfect-debounce'
142 silly reify ]
143 silly reify mark retired [
143 silly reify   '/Users/mr.akpini/Desktop/urban-kicks/backend/node_modules/pkg-types'
143 silly reify ]
144 silly reify mark retired [ '/Users/mr.akpini/Desktop/urban-kicks/backend/node_modules/rc9' ]
145 silly reify mark retired [ '/Users/mr.akpini/Desktop/urban-kicks/backend/node_modules/retry' ]
146 silly reify mark retired [
146 silly reify   '/Users/mr.akpini/Desktop/urban-kicks/backend/node_modules/scheduler'
146 silly reify ]
147 silly reify mark retired [
147 silly reify   '/Users/mr.akpini/Desktop/urban-kicks/backend/node_modules/seq-queue'
147 silly reify ]
148 silly reify mark retired [
148 silly reify   '/Users/mr.akpini/Desktop/urban-kicks/backend/node_modules/sqlstring'
148 silly reify ]
149 silly reify mark retired [
149 silly reify   '/Users/mr.akpini/Desktop/urban-kicks/backend/node_modules/tinyexec'
149 silly reify ]
150 silly reify mark retired [
150 silly reify   '/Users/mr.akpini/Desktop/urban-kicks/backend/node_modules/@types/react'
150 silly reify ]
151 silly reify moves {
151 silly reify   '/Users/mr.akpini/Desktop/urban-kicks/backend/node_modules/better-result': '/Users/mr.akpini/Desktop/urban-kicks/backend/node_modules/.better-result-goTRIPeM',
151 silly reify   '/Users/mr.akpini/Desktop/urban-kicks/backend/node_modules/c12': '/Users/mr.akpini/Desktop/urban-kicks/backend/node_modules/.c12-0aACBD0F',
151 silly reify   '/Users/mr.akpini/Desktop/urban-kicks/backend/node_modules/chart.js': '/Users/mr.akpini/Desktop/urban-kicks/backend/node_modules/.chart.js-iksJuHXE',
151 silly reify   '/Users/mr.akpini/Desktop/urban-kicks/backend/node_modules/deepmerge-ts': '/Users/mr.akpini/Desktop/urban-kicks/backend/node_modules/.deepmerge-ts-ricxDjyN',
151 silly reify   '/Users/mr.akpini/Desktop/urban-kicks/backend/node_modules/effect': '/Users/mr.akpini/Desktop/urban-kicks/backend/node_modules/.effect-qDirTIbW',
151 silly reify   '/Users/mr.akpini/Desktop/urban-kicks/backend/node_modules/empathic': '/Users/mr.akpini/Desktop/urban-kicks/backend/node_modules/.empathic-GYCT3dIu',
151 silly reify   '/Users/mr.akpini/Desktop/urban-kicks/backend/node_modules/fast-check': '/Users/mr.akpini/Desktop/urban-kicks/backend/node_modules/.fast-check-OQzQ11V3',
151 silly reify   '/Users/mr.akpini/Desktop/urban-kicks/backend/node_modules/get-port-please': '/Users/mr.akpini/Desktop/urban-kicks/backend/node_modules/.get-port-please-tlXpNFg3',
151 silly reify   '/Users/mr.akpini/Desktop/urban-kicks/backend/node_modules/hono': '/Users/mr.akpini/Desktop/urban-kicks/backend/node_modules/.hono-l5hpEQJh',
151 silly reify   '/Users/mr.akpini/Desktop/urban-kicks/backend/node_modules/http-status-codes': '/Users/mr.akpini/Desktop/urban-kicks/backend/node_modules/.http-status-codes-WPLruE1a',
151 silly reify   '/Users/mr.akpini/Desktop/urban-kicks/backend/node_modules/jiti': '/Users/mr.akpini/Desktop/urban-kicks/backend/node_modules/.jiti-hf766yEm',
151 silly reify   '/Users/mr.akpini/Desktop/urban-kicks/backend/node_modules/mysql2': '/Users/mr.akpini/Desktop/urban-kicks/backend/node_modules/.mysql2-vpsA2QZH',
151 silly reify   '/Users/mr.akpini/Desktop/urban-kicks/backend/node_modules/pathe': '/Users/mr.akpini/Desktop/urban-kicks/backend/node_modules/.pathe-8lc4KHYK',
151 silly reify   '/Users/mr.akpini/Desktop/urban-kicks/backend/node_modules/postgres': '/Users/mr.akpini/Desktop/urban-kicks/backend/node_modules/.postgres-BkWNhirB',
151 silly reify   '/Users/mr.akpini/Desktop/urban-kicks/backend/node_modules/prisma': '/Users/mr.akpini/Desktop/urban-kicks/backend/node_modules/.prisma-fVMTEYhm',
151 silly reify   '/Users/mr.akpini/Desktop/urban-kicks/backend/node_modules/proper-lockfile': '/Users/mr.akpini/Desktop/urban-kicks/backend/node_modules/.proper-lockfile-LCXMVGtl',
151 silly reify   '/Users/mr.akpini/Desktop/urban-kicks/backend/node_modules/react': '/Users/mr.akpini/Desktop/urban-kicks/backend/node_modules/.react-193d8ust',
151 silly reify   '/Users/mr.akpini/Desktop/urban-kicks/backend/node_modules/react-dom': '/Users/mr.akpini/Desktop/urban-kicks/backend/node_modules/.react-dom-vYv8rbHt',
151 silly reify   '/Users/mr.akpini/Desktop/urban-kicks/backend/node_modules/remeda': '/Users/mr.akpini/Desktop/urban-kicks/backend/node_modules/.remeda-omCswe12',
151 silly reify   '/Users/mr.akpini/Desktop/urban-kicks/backend/node_modules/std-env': '/Users/mr.akpini/Desktop/urban-kicks/backend/node_modules/.std-env-vuUjPILE',
151 silly reify   '/Users/mr.akpini/Desktop/urban-kicks/backend/node_modules/valibot': '/Users/mr.akpini/Desktop/urban-kicks/backend/node_modules/.valibot-uVH4pWvh',
151 silly reify   '/Users/mr.akpini/Desktop/urban-kicks/backend/node_modules/zeptomatch': '/Users/mr.akpini/Desktop/urban-kicks/backend/node_modules/.zeptomatch-RWhx1XRR',
151 silly reify   '/Users/mr.akpini/Desktop/urban-kicks/backend/node_modules/@electric-sql/pglite': '/Users/mr.akpini/Desktop/urban-kicks/backend/node_modules/@electric-sql/.pglite-k72l2KXj',
151 silly reify   '/Users/mr.akpini/Desktop/urban-kicks/backend/node_modules/@electric-sql/pglite-socket': '/Users/mr.akpini/Desktop/urban-kicks/backend/node_modules/@electric-sql/.pglite-socket-bTljJhT1',
151 silly reify   '/Users/mr.akpini/Desktop/urban-kicks/backend/node_modules/@electric-sql/pglite-tools': '/Users/mr.akpini/Desktop/urban-kicks/backend/node_modules/@electric-sql/.pglite-tools-64VP0BcE',
151 silly reify   '/Users/mr.akpini/Desktop/urban-kicks/backend/node_modules/@hono/node-server': '/Users/mr.akpini/Desktop/urban-kicks/backend/node_modules/@hono/.node-server-wVt0nTaL',
151 silly reify   '/Users/mr.akpini/Desktop/urban-kicks/backend/node_modules/@kurkle/color': '/Users/mr.akpini/Desktop/urban-kicks/backend/node_modules/@kurkle/.color-4WKygqGS',
151 silly reify   '/Users/mr.akpini/Desktop/urban-kicks/backend/node_modules/@prisma/config': '/Users/mr.akpini/Desktop/urban-kicks/backend/node_modules/@prisma/.config-muSpQzpG',
151 silly reify   '/Users/mr.akpini/Desktop/urban-kicks/backend/node_modules/@prisma/debug': '/Users/mr.akpini/Desktop/urban-kicks/backend/node_modules/@prisma/.debug-vlLv7sbK',
151 silly reify   '/Users/mr.akpini/Desktop/urban-kicks/backend/node_modules/@prisma/dev': '/Users/mr.akpini/Desktop/urban-kicks/backend/node_modules/@prisma/.dev-nnXtKlFu',
151 silly reify   '/Users/mr.akpini/Desktop/urban-kicks/backend/node_modules/@prisma/engines': '/Users/mr.akpini/Desktop/urban-kicks/backend/node_modules/@prisma/.engines-UghT8OmZ',
151 silly reify   '/Users/mr.akpini/Desktop/urban-kicks/backend/node_modules/@prisma/engines-version': '/Users/mr.akpini/Desktop/urban-kicks/backend/node_modules/@prisma/.engines-version-dU33kSbA',
151 silly reify   '/Users/mr.akpini/Desktop/urban-kicks/backend/node_modules/@prisma/fetch-engine': '/Users/mr.akpini/Desktop/urban-kicks/backend/node_modules/@prisma/.fetch-engine-1kdzZFn3',
151 silly reify   '/Users/mr.akpini/Desktop/urban-kicks/backend/node_modules/@prisma/get-platform': '/Users/mr.akpini/Desktop/urban-kicks/backend/node_modules/@prisma/.get-platform-deRSmN90',
151 silly reify   '/Users/mr.akpini/Desktop/urban-kicks/backend/node_modules/@prisma/query-plan-executor': '/Users/mr.akpini/Desktop/urban-kicks/backend/node_modules/@prisma/.query-plan-executor-1vXbKAh8',
151 silly reify   '/Users/mr.akpini/Desktop/urban-kicks/backend/node_modules/@prisma/streams-local': '/Users/mr.akpini/Desktop/urban-kicks/backend/node_modules/@prisma/.streams-local-p3i1gXss',
151 silly reify   '/Users/mr.akpini/Desktop/urban-kicks/backend/node_modules/@prisma/studio-core': '/Users/mr.akpini/Desktop/urban-kicks/backend/node_modules/@prisma/.studio-core-lBe6VMAN',
151 silly reify   '/Users/mr.akpini/Desktop/urban-kicks/backend/node_modules/@radix-ui/primitive': '/Users/mr.akpini/Desktop/urban-kicks/backend/node_modules/@radix-ui/.primitive-u5A2MSCF',
151 silly reify   '/Users/mr.akpini/Desktop/urban-kicks/backend/node_modules/@radix-ui/react-compose-refs': '/Users/mr.akpini/Desktop/urban-kicks/backend/node_modules/@radix-ui/.react-compose-refs-nsDSr8uZ',
151 silly reify   '/Users/mr.akpini/Desktop/urban-kicks/backend/node_modules/@radix-ui/react-primitive': '/Users/mr.akpini/Desktop/urban-kicks/backend/node_modules/@radix-ui/.react-primitive-DR2efKQl',
151 silly reify   '/Users/mr.akpini/Desktop/urban-kicks/backend/node_modules/@radix-ui/react-slot': '/Users/mr.akpini/Desktop/urban-kicks/backend/node_modules/@radix-ui/.react-slot-IoL1i4Xb',
151 silly reify   '/Users/mr.akpini/Desktop/urban-kicks/backend/node_modules/@radix-ui/react-toggle': '/Users/mr.akpini/Desktop/urban-kicks/backend/node_modules/@radix-ui/.react-toggle-VSUjYfbX',
151 silly reify   '/Users/mr.akpini/Desktop/urban-kicks/backend/node_modules/@radix-ui/react-use-controllable-state': '/Users/mr.akpini/Desktop/urban-kicks/backend/node_modules/@radix-ui/.react-use-controllable-state-TWZEI8pP',
151 silly reify   '/Users/mr.akpini/Desktop/urban-kicks/backend/node_modules/@radix-ui/react-use-effect-event': '/Users/mr.akpini/Desktop/urban-kicks/backend/node_modules/@radix-ui/.react-use-effect-event-hzKZd7Tn',
151 silly reify   '/Users/mr.akpini/Desktop/urban-kicks/backend/node_modules/@radix-ui/react-use-layout-effect': '/Users/mr.akpini/Desktop/urban-kicks/backend/node_modules/@radix-ui/.react-use-layout-effect-An4fv5OI',
151 silly reify   '/Users/mr.akpini/Desktop/urban-kicks/backend/node_modules/@standard-schema/spec': '/Users/mr.akpini/Desktop/urban-kicks/backend/node_modules/@standard-schema/.spec-OzyBDeok',
151 silly reify   '/Users/mr.akpini/Desktop/urban-kicks/backend/node_modules/aws-ssl-profiles': '/Users/mr.akpini/Desktop/urban-kicks/backend/node_modules/.aws-ssl-profiles-ZEEdotll',
151 silly reify   '/Users/mr.akpini/Desktop/urban-kicks/backend/node_modules/citty': '/Users/mr.akpini/Desktop/urban-kicks/backend/node_modules/.citty-KAaNP5bc',
151 silly reify   '/Users/mr.akpini/Desktop/urban-kicks/backend/node_modules/confbox': '/Users/mr.akpini/Desktop/urban-kicks/backend/node_modules/.confbox-ruCr0QQk',
151 silly reify   '/Users/mr.akpini/Desktop/urban-kicks/backend/node_modules/csstype': '/Users/mr.akpini/Desktop/urban-kicks/backend/node_modules/.csstype-P5thAwoi',
151 silly reify   '/Users/mr.akpini/Desktop/urban-kicks/backend/node_modules/defu': '/Users/mr.akpini/Desktop/urban-kicks/backend/node_modules/.defu-6YoOlrUy',
151 silly reify   '/Users/mr.akpini/Desktop/urban-kicks/backend/node_modules/destr': '/Users/mr.akpini/Desktop/urban-kicks/backend/node_modules/.destr-JcY2fxBF',
151 silly reify   '/Users/mr.akpini/Desktop/urban-kicks/backend/node_modules/denque': '/Users/mr.akpini/Desktop/urban-kicks/backend/node_modules/.denque-nnKwdlAT',
151 silly reify   '/Users/mr.akpini/Desktop/urban-kicks/backend/node_modules/dotenv': '/Users/mr.akpini/Desktop/urban-kicks/backend/node_modules/.dotenv-ZSWoDwsf',
151 silly reify   '/Users/mr.akpini/Desktop/urban-kicks/backend/node_modules/env-paths': '/Users/mr.akpini/Desktop/urban-kicks/backend/node_modules/.env-paths-BfIvNiu7',
151 silly reify   '/Users/mr.akpini/Desktop/urban-kicks/backend/node_modules/exsolve': '/Users/mr.akpini/Desktop/urban-kicks/backend/node_modules/.exsolve-OOnFp9hq',
151 silly reify   '/Users/mr.akpini/Desktop/urban-kicks/backend/node_modules/generate-function': '/Users/mr.akpini/Desktop/urban-kicks/backend/node_modules/.generate-function-iydjus8f',
151 silly reify   '/Users/mr.akpini/Desktop/urban-kicks/backend/node_modules/giget': '/Users/mr.akpini/Desktop/urban-kicks/backend/node_modules/.giget-Yvkz80r3',
151 silly reify   '/Users/mr.akpini/Desktop/urban-kicks/backend/node_modules/.bin/giget': '/Users/mr.akpini/Desktop/urban-kicks/backend/node_modules/.bin/.giget-M2BegDOF',
151 silly reify   '/Users/mr.akpini/Desktop/urban-kicks/backend/node_modules/grammex': '/Users/mr.akpini/Desktop/urban-kicks/backend/node_modules/.grammex-fZFAaHJT',
151 silly reify   '/Users/mr.akpini/Desktop/urban-kicks/backend/node_modules/graphmatch': '/Users/mr.akpini/Desktop/urban-kicks/backend/node_modules/.graphmatch-KJ4pJTFC',
151 silly reify   '/Users/mr.akpini/Desktop/urban-kicks/backend/node_modules/is-property': '/Users/mr.akpini/Desktop/urban-kicks/backend/node_modules/.is-property-KCOoobFP',
151 silly reify   '/Users/mr.akpini/Desktop/urban-kicks/backend/node_modules/long': '/Users/mr.akpini/Desktop/urban-kicks/backend/node_modules/.long-giwMuM4V',
151 silly reify   '/Users/mr.akpini/Desktop/urban-kicks/backend/node_modules/lru.min': '/Users/mr.akpini/Desktop/urban-kicks/backend/node_modules/.lru.min-BzY0CCa5',
151 silly reify   '/Users/mr.akpini/Desktop/urban-kicks/backend/node_modules/named-placeholders': '/Users/mr.akpini/Desktop/urban-kicks/backend/node_modules/.named-placeholders-B9Y2yR0Q',
151 silly reify   '/Users/mr.akpini/Desktop/urban-kicks/backend/node_modules/node-fetch-native': '/Users/mr.akpini/Desktop/urban-kicks/backend/node_modules/.node-fetch-native-uofzONi4',
151 silly reify   '/Users/mr.akpini/Desktop/urban-kicks/backend/node_modules/nypm': '/Users/mr.akpini/Desktop/urban-kicks/backend/node_modules/.nypm-sqjeKlgx',
151 silly reify   '/Users/mr.akpini/Desktop/urban-kicks/backend/node_modules/.bin/nypm': '/Users/mr.akpini/Desktop/urban-kicks/backend/node_modules/.bin/.nypm-e5htDkrz',
151 silly reify   '/Users/mr.akpini/Desktop/urban-kicks/backend/node_modules/ohash': '/Users/mr.akpini/Desktop/urban-kicks/backend/node_modules/.ohash-T4wn1Rbi',
151 silly reify   '/Users/mr.akpini/Desktop/urban-kicks/backend/node_modules/perfect-debounce': '/Users/mr.akpini/Desktop/urban-kicks/backend/node_modules/.perfect-debounce-UInOXJ0m',
151 silly reify   '/Users/mr.akpini/Desktop/urban-kicks/backend/node_modules/pkg-types': '/Users/mr.akpini/Desktop/urban-kicks/backend/node_modules/.pkg-types-OTXlSYtb',
151 silly reify   '/Users/mr.akpini/Desktop/urban-kicks/backend/node_modules/rc9': '/Users/mr.akpini/Desktop/urban-kicks/backend/node_modules/.rc9-dsmn2nIe',
151 silly reify   '/Users/mr.akpini/Desktop/urban-kicks/backend/node_modules/retry': '/Users/mr.akpini/Desktop/urban-kicks/backend/node_modules/.retry-Bc0Anja4',
151 silly reify   '/Users/mr.akpini/Desktop/urban-kicks/backend/node_modules/scheduler': '/Users/mr.akpini/Desktop/urban-kicks/backend/node_modules/.scheduler-uP504kkl',
151 silly reify   '/Users/mr.akpini/Desktop/urban-kicks/backend/node_modules/seq-queue': '/Users/mr.akpini/Desktop/urban-kicks/backend/node_modules/.seq-queue-SN9Fnpo9',
151 silly reify   '/Users/mr.akpini/Desktop/urban-kicks/backend/node_modules/sqlstring': '/Users/mr.akpini/Desktop/urban-kicks/backend/node_modules/.sqlstring-RbgQLlfW',
151 silly reify   '/Users/mr.akpini/Desktop/urban-kicks/backend/node_modules/tinyexec': '/Users/mr.akpini/Desktop/urban-kicks/backend/node_modules/.tinyexec-fkTMkMBb',
151 silly reify   '/Users/mr.akpini/Desktop/urban-kicks/backend/node_modules/@types/react': '/Users/mr.akpini/Desktop/urban-kicks/backend/node_modules/@types/.react-dpMG7UU5'
151 silly reify }
152 timing reify:retireShallow Completed in 27ms
153 timing reify:createSparse Completed in 2ms
154 timing reify:loadBundles Completed in 0ms
155 silly audit bulk request {
155 silly audit   '@angular-devkit/core': [ '17.3.11' ],
155 silly audit   rxjs: [ '7.8.1', '7.8.2' ],
155 silly audit   '@angular-devkit/schematics': [ '17.3.11' ],
155 silly audit   '@angular-devkit/schematics-cli': [ '17.3.11' ],
155 silly audit   chalk: [ '5.6.2', '4.1.2' ],
155 silly audit   'cli-width': [ '4.1.0', '3.0.0' ],
155 silly audit   inquirer: [ '9.2.15', '8.2.6' ],
155 silly audit   'mute-stream': [ '1.0.0', '0.0.8' ],
155 silly audit   'run-async': [ '3.0.0', '2.4.1' ],
155 silly audit   '@babel/code-frame': [ '7.29.0' ],
155 silly audit   '@babel/compat-data': [ '7.29.0' ],
155 silly audit   '@babel/core': [ '7.29.0' ],
155 silly audit   semver: [ '6.3.1', '7.7.4' ],
155 silly audit   '@babel/generator': [ '7.29.1' ],
155 silly audit   '@babel/helper-compilation-targets': [ '7.28.6' ],
155 silly audit   '@babel/helper-globals': [ '7.28.0' ],
155 silly audit   '@babel/helper-module-imports': [ '7.28.6' ],
155 silly audit   '@babel/helper-module-transforms': [ '7.28.6' ],
155 silly audit   '@babel/helper-plugin-utils': [ '7.28.6' ],
155 silly audit   '@babel/helper-string-parser': [ '7.27.1' ],
155 silly audit   '@babel/helper-validator-identifier': [ '7.28.5' ],
155 silly audit   '@babel/helper-validator-option': [ '7.27.1' ],
155 silly audit   '@babel/helpers': [ '7.29.2' ],
155 silly audit   '@babel/parser': [ '7.29.2' ],
155 silly audit   '@babel/plugin-syntax-async-generators': [ '7.8.4' ],
155 silly audit   '@babel/plugin-syntax-bigint': [ '7.8.3' ],
155 silly audit   '@babel/plugin-syntax-class-properties': [ '7.12.13' ],
155 silly audit   '@babel/plugin-syntax-class-static-block': [ '7.14.5' ],
155 silly audit   '@babel/plugin-syntax-import-attributes': [ '7.28.6' ],
155 silly audit   '@babel/plugin-syntax-import-meta': [ '7.10.4' ],
155 silly audit   '@babel/plugin-syntax-json-strings': [ '7.8.3' ],
155 silly audit   '@babel/plugin-syntax-jsx': [ '7.28.6' ],
155 silly audit   '@babel/plugin-syntax-logical-assignment-operators': [ '7.10.4' ],
155 silly audit   '@babel/plugin-syntax-nullish-coalescing-operator': [ '7.8.3' ],
155 silly audit   '@babel/plugin-syntax-numeric-separator': [ '7.10.4' ],
155 silly audit   '@babel/plugin-syntax-object-rest-spread': [ '7.8.3' ],
155 silly audit   '@babel/plugin-syntax-optional-catch-binding': [ '7.8.3' ],
155 silly audit   '@babel/plugin-syntax-optional-chaining': [ '7.8.3' ],
155 silly audit   '@babel/plugin-syntax-private-property-in-object': [ '7.14.5' ],
155 silly audit   '@babel/plugin-syntax-top-level-await': [ '7.14.5' ],
155 silly audit   '@babel/plugin-syntax-typescript': [ '7.28.6' ],
155 silly audit   '@babel/template': [ '7.28.6' ],
155 silly audit   '@babel/traverse': [ '7.29.0' ],
155 silly audit   '@babel/types': [ '7.29.0' ],
155 silly audit   '@bcoe/v8-coverage': [ '0.2.3' ],
155 silly audit   '@borewit/text-codec': [ '0.2.2' ],
155 silly audit   '@colors/colors': [ '1.5.0' ],
155 silly audit   '@cspotcode/source-map-support': [ '0.8.1' ],
155 silly audit   '@jridgewell/trace-mapping': [ '0.3.9', '0.3.31' ],
155 silly audit   '@eslint-community/eslint-utils': [ '4.9.1' ],
155 silly audit   '@eslint-community/regexpp': [ '4.12.2' ],
155 silly audit   '@eslint/eslintrc': [ '2.1.4' ],
155 silly audit   ajv: [ '6.14.0', '8.12.0' ],
155 silly audit   'balanced-match': [ '1.0.2', '4.0.4' ],
155 silly audit   'brace-expansion': [ '1.1.13', '5.0.5', '2.0.3' ],
155 silly audit   ignore: [ '5.3.2', '7.0.5' ],
155 silly audit   'json-schema-traverse': [ '0.4.1', '1.0.0' ],
155 silly audit   minimatch: [ '3.1.5', '9.0.9', '10.2.5' ],
155 silly audit   '@eslint/js': [ '8.57.1' ],
155 silly audit   '@humanwhocodes/config-array': [ '0.13.0' ],
155 silly audit   '@humanwhocodes/module-importer': [ '1.0.1' ],
155 silly audit   '@humanwhocodes/object-schema': [ '2.0.3' ],
155 silly audit   '@isaacs/cliui': [ '8.0.2' ],
155 silly audit   'ansi-regex': [ '6.2.2', '5.0.1' ],
155 silly audit   'ansi-styles': [ '6.2.3', '4.3.0', '5.2.0' ],
155 silly audit   'emoji-regex': [ '9.2.2', '8.0.0' ],
155 silly audit   'string-width': [ '5.1.2', '4.2.3' ],
155 silly audit   'strip-ansi': [ '7.2.0', '6.0.1' ],
155 silly audit   'wrap-ansi': [ '8.1.0', '7.0.0', '6.2.0' ],
155 silly audit   '@istanbuljs/load-nyc-config': [ '1.1.0' ],
155 silly audit   argparse: [ '1.0.10', '2.0.1' ],
155 silly audit   'find-up': [ '4.1.0', '5.0.0' ],
155 silly audit   'js-yaml': [ '3.14.2', '4.1.1' ],
155 silly audit   'locate-path': [ '5.0.0', '6.0.0' ],
155 silly audit   'p-limit': [ '2.3.0', '3.1.0' ],
155 silly audit   'p-locate': [ '4.1.0', '5.0.0' ],
155 silly audit   'resolve-from': [ '5.0.0', '4.0.0' ],
155 silly audit   '@istanbuljs/schema': [ '0.1.3' ],
155 silly audit   '@jest/console': [ '29.7.0' ],
155 silly audit   '@jest/core': [ '29.7.0' ],
155 silly audit   '@jest/environment': [ '29.7.0' ],
155 silly audit   '@jest/expect': [ '29.7.0' ],
155 silly audit   '@jest/expect-utils': [ '29.7.0' ],
155 silly audit   '@jest/fake-timers': [ '29.7.0' ],
155 silly audit   '@jest/globals': [ '29.7.0' ],
155 silly audit   '@jest/reporters': [ '29.7.0' ],
155 silly audit   glob: [ '7.2.3', '10.4.5' ],
155 silly audit   '@jest/schemas': [ '29.6.3' ],
155 silly audit   '@jest/source-map': [ '29.6.3' ],
155 silly audit   '@jest/test-result': [ '29.7.0' ],
155 silly audit   '@jest/test-sequencer': [ '29.7.0' ],
155 silly audit   '@jest/transform': [ '29.7.0' ],
155 silly audit   '@jest/types': [ '29.6.3' ],
155 silly audit   '@jridgewell/gen-mapping': [ '0.3.13' ],
155 silly audit   '@jridgewell/remapping': [ '2.3.5' ],
155 silly audit   '@jridgewell/resolve-uri': [ '3.1.2' ],
155 silly audit   '@jridgewell/source-map': [ '0.3.11' ],
155 silly audit   '@jridgewell/sourcemap-codec': [ '1.5.5' ],
155 silly audit   '@ljharb/through': [ '2.3.14' ],
155 silly audit   '@lukeed/csprng': [ '1.1.0' ],
155 silly audit   '@nestjs/cli': [ '10.4.9' ],
155 silly audit   'es-module-lexer': [ '1.7.0', '2.0.0' ],
155 silly audit   'eslint-scope': [ '5.1.1', '7.2.2' ],
155 silly audit   estraverse: [ '4.3.0', '5.3.0' ],
155 silly audit   typescript: [ '5.7.2', '5.9.3' ],
155 silly audit   webpack: [ '5.97.1', '5.106.0' ],
155 silly audit   '@nestjs/common': [ '10.4.22' ],
155 silly audit   '@nestjs/core': [ '10.4.22' ],
155 silly audit   '@nestjs/platform-express': [ '10.4.22' ],
155 silly audit   '@nestjs/schematics': [ '10.2.3' ],
155 silly audit   'jsonc-parser': [ '3.3.1', '3.2.1' ],
155 silly audit   '@nestjs/testing': [ '10.4.22' ],
155 silly audit   '@noble/hashes': [ '1.8.0' ],
155 silly audit   '@nodelib/fs.scandir': [ '2.1.5' ],
155 silly audit   '@nodelib/fs.stat': [ '2.0.5' ],
155 silly audit   '@nodelib/fs.walk': [ '1.2.8' ],
155 silly audit   '@nuxtjs/opencollective': [ '0.3.2' ],
155 silly audit   '@paralleldrive/cuid2': [ '2.3.1' ],
155 silly audit   '@pkgjs/parseargs': [ '0.11.0' ],
155 silly audit   '@pkgr/core': [ '0.2.9' ],
155 silly audit   '@sinclair/typebox': [ '0.27.10' ],
155 silly audit   '@sinonjs/commons': [ '3.0.1' ],
155 silly audit   '@sinonjs/fake-timers': [ '10.3.0' ],
155 silly audit   '@tokenizer/inflate': [ '0.2.7' ],
155 silly audit   '@tokenizer/token': [ '0.3.0' ],
155 silly audit   '@tsconfig/node10': [ '1.0.12' ],
155 silly audit   '@tsconfig/node12': [ '1.0.11' ],
155 silly audit   '@tsconfig/node14': [ '1.0.3' ],
155 silly audit   '@tsconfig/node16': [ '1.0.4' ],
155 silly audit   '@types/babel__core': [ '7.20.5' ],
155 silly audit   '@types/babel__generator': [ '7.27.0' ],
155 silly audit   '@types/babel__template': [ '7.4.4' ],
155 silly audit   '@types/babel__traverse': [ '7.28.0' ],
155 silly audit   '@types/body-parser': [ '1.19.6' ],
155 silly audit   '@types/connect': [ '3.4.38' ],
155 silly audit   '@types/cookiejar': [ '2.1.5' ],
155 silly audit   '@types/eslint': [ '9.6.1' ],
155 silly audit   '@types/eslint-scope': [ '3.7.7' ],
155 silly audit   '@types/estree': [ '1.0.8' ],
155 silly audit   '@types/express': [ '5.0.6' ],
155 silly audit   '@types/express-serve-static-core': [ '5.1.1' ],
155 silly audit   '@types/graceful-fs': [ '4.1.9' ],
155 silly audit   '@types/http-errors': [ '2.0.5' ],
155 silly audit   '@types/istanbul-lib-coverage': [ '2.0.6' ],
155 silly audit   '@types/istanbul-lib-report': [ '3.0.3' ],
155 silly audit   '@types/istanbul-reports': [ '3.0.4' ],
155 silly audit   '@types/jest': [ '29.5.14' ],
155 silly audit   '@types/json-schema': [ '7.0.15' ],
155 silly audit   '@types/methods': [ '1.1.4' ],
155 silly audit   '@types/node': [ '20.19.39' ],
155 silly audit   '@types/qs': [ '6.15.0' ],
155 silly audit   '@types/range-parser': [ '1.2.7' ],
155 silly audit   '@types/send': [ '1.2.1' ],
155 silly audit   '@types/serve-static': [ '2.2.0' ],
155 silly audit   '@types/stack-utils': [ '2.0.3' ],
155 silly audit   '@types/superagent': [ '8.1.9' ],
155 silly audit   '@types/supertest': [ '6.0.3' ],
155 silly audit   '@types/yargs': [ '17.0.35' ],
155 silly audit   '@types/yargs-parser': [ '21.0.3' ],
155 silly audit   '@typescript-eslint/eslint-plugin': [ '8.58.1' ],
155 silly audit   '@typescript-eslint/parser': [ '8.58.1' ],
155 silly audit   '@typescript-eslint/project-service': [ '8.58.1' ],
155 silly audit   '@typescript-eslint/scope-manager': [ '8.58.1' ],
155 silly audit   '@typescript-eslint/tsconfig-utils': [ '8.58.1' ],
155 silly audit   '@typescript-eslint/type-utils': [ '8.58.1' ],
155 silly audit   '@typescript-eslint/types': [ '8.58.1' ],
155 silly audit   '@typescript-eslint/typescript-estree': [ '8.58.1' ],
155 silly audit   '@typescript-eslint/utils': [ '8.58.1' ],
155 silly audit   '@typescript-eslint/visitor-keys': [ '8.58.1' ],
155 silly audit   'eslint-visitor-keys': [ '5.0.1', '3.4.3' ],
155 silly audit   '@ungap/structured-clone': [ '1.3.0' ],
155 silly audit   '@webassemblyjs/ast': [ '1.14.1' ],
155 silly audit   '@webassemblyjs/floating-point-hex-parser': [ '1.13.2' ],
155 silly audit   '@webassemblyjs/helper-api-error': [ '1.13.2' ],
155 silly audit   '@webassemblyjs/helper-buffer': [ '1.14.1' ],
155 silly audit   '@webassemblyjs/helper-numbers': [ '1.13.2' ],
155 silly audit   '@webassemblyjs/helper-wasm-bytecode': [ '1.13.2' ],
155 silly audit   '@webassemblyjs/helper-wasm-section': [ '1.14.1' ],
155 silly audit   '@webassemblyjs/ieee754': [ '1.13.2' ],
155 silly audit   '@webassemblyjs/leb128': [ '1.13.2' ],
155 silly audit   '@webassemblyjs/utf8': [ '1.13.2' ],
155 silly audit   '@webassemblyjs/wasm-edit': [ '1.14.1' ],
155 silly audit   '@webassemblyjs/wasm-gen': [ '1.14.1' ],
155 silly audit   '@webassemblyjs/wasm-opt': [ '1.14.1' ],
155 silly audit   '@webassemblyjs/wasm-parser': [ '1.14.1' ],
155 silly audit   '@webassemblyjs/wast-printer': [ '1.14.1' ],
155 silly audit   '@xtuc/ieee754': [ '1.2.0' ],
155 silly audit   '@xtuc/long': [ '4.2.2' ],
155 silly audit   accepts: [ '1.3.8' ],
155 silly audit   acorn: [ '8.16.0' ],
155 silly audit   'acorn-import-phases': [ '1.0.4' ],
155 silly audit   'acorn-jsx': [ '5.3.2' ],
155 silly audit   'acorn-walk': [ '8.3.5' ],
155 silly audit   'ajv-formats': [ '2.1.1' ],
155 silly audit   'ajv-keywords': [ '5.1.0', '3.5.2' ],
155 silly audit   'ansi-colors': [ '4.1.3' ],
155 silly audit   'ansi-escapes': [ '4.3.2' ],
155 silly audit   'type-fest': [ '0.21.3', '4.41.0', '0.20.2' ],
155 silly audit   anymatch: [ '3.1.3' ],
155 silly audit   picomatch: [ '2.3.2', '4.0.1', '4.0.4' ],
155 silly audit   'append-field': [ '1.0.0' ],
155 silly audit   arg: [ '4.1.3' ],
155 silly audit   'array-flatten': [ '1.1.1' ],
155 silly audit   'array-timsort': [ '1.0.3' ],
155 silly audit   asap: [ '2.0.6' ],
155 silly audit   asynckit: [ '0.4.0' ],
155 silly audit   'babel-jest': [ '29.7.0' ],
155 silly audit   'babel-plugin-istanbul': [ '6.1.1' ],
155 silly audit   'istanbul-lib-instrument': [ '5.2.1', '6.0.3' ],
155 silly audit   'babel-plugin-jest-hoist': [ '29.6.3' ],
155 silly audit   'babel-preset-current-node-syntax': [ '1.2.0' ],
155 silly audit   'babel-preset-jest': [ '29.6.3' ],
155 silly audit   'base64-js': [ '1.5.1' ],
155 silly audit   'baseline-browser-mapping': [ '2.10.16' ],
155 silly audit   'binary-extensions': [ '2.3.0' ],
155 silly audit   bl: [ '4.1.0' ],
155 silly audit   'body-parser': [ '1.20.4' ],
155 silly audit   debug: [ '2.6.9', '4.4.3' ],
155 silly audit   ms: [ '2.0.0', '2.1.3' ],
155 silly audit   braces: [ '3.0.3' ],
155 silly audit   browserslist: [ '4.28.2' ],
155 silly audit   'bs-logger': [ '0.2.6' ],
155 silly audit   bser: [ '2.1.1' ],
155 silly audit   buffer: [ '5.7.1' ],
155 silly audit   'buffer-from': [ '1.1.2' ],
155 silly audit   busboy: [ '1.6.0' ],
155 silly audit   bytes: [ '3.1.2' ],
155 silly audit   'call-bind': [ '1.0.8' ],
155 silly audit   'call-bind-apply-helpers': [ '1.0.2' ],
155 silly audit   'call-bound': [ '1.0.4' ],
155 silly audit   callsites: [ '3.1.0' ],
155 silly audit   camelcase: [ '5.3.1', '6.3.0' ],
155 silly audit   'caniuse-lite': [ '1.0.30001787' ],
155 silly audit   'char-regex': [ '1.0.2' ],
155 silly audit   chardet: [ '0.7.0' ],
155 silly audit   chokidar: [ '3.6.0' ],
155 silly audit   'chrome-trace-event': [ '1.0.4' ],
155 silly audit   'ci-info': [ '3.9.0' ],
155 silly audit   'cjs-module-lexer': [ '1.4.3' ],
155 silly audit   'cli-cursor': [ '3.1.0' ],
155 silly audit   'cli-spinners': [ '2.9.2' ],
155 silly audit   'cli-table3': [ '0.6.5' ],
155 silly audit   cliui: [ '8.0.1' ],
155 silly audit   clone: [ '1.0.4' ],
155 silly audit   co: [ '4.6.0' ],
155 silly audit   'collect-v8-coverage': [ '1.0.3' ],
155 silly audit   'color-convert': [ '2.0.1' ],
155 silly audit   'color-name': [ '1.1.4' ],
155 silly audit   'combined-stream': [ '1.0.8' ],
155 silly audit   commander: [ '4.1.1', '2.20.3' ],
155 silly audit   'comment-json': [ '4.2.5' ],
155 silly audit   'component-emitter': [ '1.3.1' ],
155 silly audit   'concat-map': [ '0.0.1' ],
155 silly audit   'concat-stream': [ '2.0.0' ],
155 silly audit   consola: [ '2.15.3' ],
155 silly audit   'content-disposition': [ '0.5.4' ],
155 silly audit   'content-type': [ '1.0.5' ],
155 silly audit   'convert-source-map': [ '2.0.0' ],
155 silly audit   cookie: [ '0.7.2' ],
155 silly audit   'cookie-signature': [ '1.0.7', '1.2.2' ],
155 silly audit   cookiejar: [ '2.1.4' ],
155 silly audit   'core-util-is': [ '1.0.3' ],
155 silly audit   cors: [ '2.8.5' ],
155 silly audit   cosmiconfig: [ '8.3.6' ],
155 silly audit   'create-jest': [ '29.7.0' ],
155 silly audit   'create-require': [ '1.1.1' ],
155 silly audit   'cross-spawn': [ '7.0.6' ],
155 silly audit   dedent: [ '1.7.2' ],
155 silly audit   'deep-is': [ '0.1.4' ],
155 silly audit   deepmerge: [ '4.3.1' ],
155 silly audit   defaults: [ '1.0.4' ],
155 silly audit   'define-data-property': [ '1.1.4' ],
155 silly audit   'delayed-stream': [ '1.0.0' ],
155 silly audit   depd: [ '2.0.0' ],
155 silly audit   destroy: [ '1.2.0' ],
155 silly audit   'detect-newline': [ '3.1.0' ],
155 silly audit   dezalgo: [ '1.0.4' ],
155 silly audit   diff: [ '4.0.4' ],
155 silly audit   'diff-sequences': [ '29.6.3' ],
155 silly audit   doctrine: [ '3.0.0' ],
155 silly audit   'dunder-proto': [ '1.0.1' ],
155 silly audit   eastasianwidth: [ '0.2.0' ],
155 silly audit   'ee-first': [ '1.1.1' ],
155 silly audit   'electron-to-chromium': [ '1.5.334' ],
155 silly audit   emittery: [ '0.13.1' ],
155 silly audit   encodeurl: [ '2.0.0' ],
155 silly audit   'enhanced-resolve': [ '5.20.1' ],
155 silly audit   'error-ex': [ '1.3.4' ],
155 silly audit   'es-define-property': [ '1.0.1' ],
155 silly audit   'es-errors': [ '1.3.0' ],
155 silly audit   'es-object-atoms': [ '1.1.1' ],
155 silly audit   'es-set-tostringtag': [ '2.1.0' ],
155 silly audit   escalade: [ '3.2.0' ],
155 silly audit   'escape-html': [ '1.0.3' ],
155 silly audit   'escape-string-regexp': [ '4.0.0', '1.0.5', '2.0.0' ],
155 silly audit   eslint: [ '8.57.1' ],
155 silly audit   'eslint-config-prettier': [ '9.1.2' ],
155 silly audit   'eslint-plugin-prettier': [ '5.5.5' ],
155 silly audit   'glob-parent': [ '6.0.2', '5.1.2' ],
155 silly audit   espree: [ '9.6.1' ],
155 silly audit   esprima: [ '4.0.1' ],
155 silly audit   esquery: [ '1.7.0' ],
155 silly audit   esrecurse: [ '4.3.0' ],
155 silly audit   esutils: [ '2.0.3' ],
155 silly audit   etag: [ '1.8.1' ],
155 silly audit   events: [ '3.3.0' ],
155 silly audit   execa: [ '5.1.1' ],
155 silly audit   'signal-exit': [ '3.0.7', '4.1.0' ],
155 silly audit   exit: [ '0.1.2' ],
155 silly audit   expect: [ '29.7.0' ],
155 silly audit   express: [ '4.22.1' ],
155 silly audit   'path-to-regexp': [ '0.1.13', '3.3.0' ],
155 silly audit   'external-editor': [ '3.1.0' ],
155 silly audit   'fast-deep-equal': [ '3.1.3' ],
155 silly audit   'fast-diff': [ '1.3.0' ],
155 silly audit   'fast-json-stable-stringify': [ '2.1.0' ],
155 silly audit   'fast-levenshtein': [ '2.0.6' ],
155 silly audit   'fast-safe-stringify': [ '2.1.1' ],
155 silly audit   fastq: [ '1.20.1' ],
155 silly audit   'fb-watchman': [ '2.0.2' ],
155 silly audit   fdir: [ '6.5.0' ],
155 silly audit   fflate: [ '0.8.2' ],
155 silly audit   figures: [ '3.2.0' ],
155 silly audit   'file-entry-cache': [ '6.0.1' ],
155 silly audit   'file-type': [ '20.4.1' ],
155 silly audit   'fill-range': [ '7.1.1' ],
155 silly audit   finalhandler: [ '1.3.2' ],
155 silly audit   'flat-cache': [ '3.2.0' ],
155 silly audit   flatted: [ '3.4.2' ],
155 silly audit   'foreground-child': [ '3.3.1' ],
155 silly audit   'fork-ts-checker-webpack-plugin': [ '9.0.2' ],
155 silly audit   'form-data': [ '4.0.5' ],
155 silly audit   formidable: [ '3.5.4' ],
155 silly audit   forwarded: [ '0.2.0' ],
155 silly audit   fresh: [ '0.5.2' ],
155 silly audit   'fs-extra': [ '10.1.0' ],
155 silly audit   'fs-monkey': [ '1.1.0' ],
155 silly audit   'fs.realpath': [ '1.0.0' ],
155 silly audit   fsevents: [ '2.3.3' ],
155 silly audit   'function-bind': [ '1.1.2' ],
155 silly audit   gensync: [ '1.0.0-beta.2' ],
155 silly audit   'get-caller-file': [ '2.0.5' ],
155 silly audit   'get-intrinsic': [ '1.3.0' ],
155 silly audit   'get-package-type': [ '0.1.0' ],
155 silly audit   'get-proto': [ '1.0.1' ],
155 silly audit   'get-stream': [ '6.0.1' ],
155 silly audit   'glob-to-regexp': [ '0.4.1' ],
155 silly audit   globals: [ '13.24.0' ],
155 silly audit   gopd: [ '1.2.0' ],
155 silly audit   'graceful-fs': [ '4.2.11' ],
155 silly audit   graphemer: [ '1.4.0' ],
155 silly audit   handlebars: [ '4.7.9' ],
155 silly audit   'source-map': [ '0.6.1', '0.7.4' ],
155 silly audit   'has-flag': [ '4.0.0' ],
155 silly audit   'has-own-prop': [ '2.0.0' ],
155 silly audit   'has-property-descriptors': [ '1.0.2' ],
155 silly audit   'has-symbols': [ '1.1.0' ],
155 silly audit   'has-tostringtag': [ '1.0.2' ],
155 silly audit   hasown: [ '2.0.2' ],
155 silly audit   'html-escaper': [ '2.0.2' ],
155 silly audit   'http-errors': [ '2.0.1' ],
155 silly audit   'human-signals': [ '2.1.0' ],
155 silly audit   'iconv-lite': [ '0.4.24' ],
155 silly audit   ieee754: [ '1.2.1' ],
155 silly audit   'import-fresh': [ '3.3.1' ],
155 silly audit   'import-local': [ '3.2.0' ],
155 silly audit   imurmurhash: [ '0.1.4' ],
155 silly audit   inflight: [ '1.0.6' ],
155 silly audit   inherits: [ '2.0.4' ],
155 silly audit   'ipaddr.js': [ '1.9.1' ],
155 silly audit   'is-arrayish': [ '0.2.1' ],
155 silly audit   'is-binary-path': [ '2.1.0' ],
155 silly audit   'is-core-module': [ '2.16.1' ],
155 silly audit   'is-extglob': [ '2.1.1' ],
155 silly audit   'is-fullwidth-code-point': [ '3.0.0' ],
155 silly audit   'is-generator-fn': [ '2.1.0' ],
155 silly audit   'is-glob': [ '4.0.3' ],
155 silly audit   'is-interactive': [ '1.0.0' ],
155 silly audit   'is-number': [ '7.0.0' ],
155 silly audit   'is-path-inside': [ '3.0.3' ],
155 silly audit   'is-stream': [ '2.0.1' ],
155 silly audit   'is-unicode-supported': [ '0.1.0' ],
155 silly audit   isexe: [ '2.0.0' ],
155 silly audit   'istanbul-lib-coverage': [ '3.2.2' ],
155 silly audit   'istanbul-lib-report': [ '3.0.1' ],
155 silly audit   'istanbul-lib-source-maps': [ '4.0.1' ],
155 silly audit   'istanbul-reports': [ '3.2.0' ],
155 silly audit   iterare: [ '1.2.1' ],
155 silly audit   jackspeak: [ '3.4.3' ],
155 silly audit   jest: [ '29.7.0' ],
155 silly audit   'jest-changed-files': [ '29.7.0' ],
155 silly audit   'jest-circus': [ '29.7.0' ],
155 silly audit   'jest-cli': [ '29.7.0' ],
155 silly audit   'jest-config': [ '29.7.0' ],
155 silly audit   'jest-diff': [ '29.7.0' ],
155 silly audit   'jest-docblock': [ '29.7.0' ],
155 silly audit   'jest-each': [ '29.7.0' ],
155 silly audit   'jest-environment-node': [ '29.7.0' ],
155 silly audit   'jest-get-type': [ '29.6.3' ],
155 silly audit   'jest-haste-map': [ '29.7.0' ],
155 silly audit   'jest-leak-detector': [ '29.7.0' ],
155 silly audit   'jest-matcher-utils': [ '29.7.0' ],
155 silly audit   'jest-message-util': [ '29.7.0' ],
155 silly audit   'jest-mock': [ '29.7.0' ],
155 silly audit   'jest-pnp-resolver': [ '1.2.3' ],
155 silly audit   'jest-regex-util': [ '29.6.3' ],
155 silly audit   'jest-resolve': [ '29.7.0' ],
155 silly audit   'jest-resolve-dependencies': [ '29.7.0' ],
155 silly audit   'jest-runner': [ '29.7.0' ],
155 silly audit   'source-map-support': [ '0.5.13', '0.5.21' ],
155 silly audit   'jest-runtime': [ '29.7.0' ],
155 silly audit   'jest-snapshot': [ '29.7.0' ],
155 silly audit   'jest-util': [ '29.7.0' ],
155 silly audit   'jest-validate': [ '29.7.0' ],
155 silly audit   'jest-watcher': [ '29.7.0' ],
155 silly audit   'jest-worker': [ '29.7.0', '27.5.1' ],
155 silly audit   'supports-color': [ '8.1.1', '7.2.0' ],
155 silly audit   'js-tokens': [ '4.0.0' ],
155 silly audit   jsesc: [ '3.1.0' ],
155 silly audit   'json-buffer': [ '3.0.1' ],
155 silly audit   'json-parse-even-better-errors': [ '2.3.1' ],
155 silly audit   'json-stable-stringify-without-jsonify': [ '1.0.1' ],
155 silly audit   json5: [ '2.2.3' ],
155 silly audit   jsonfile: [ '6.2.0' ],
155 silly audit   keyv: [ '4.5.4' ],
155 silly audit   kleur: [ '3.0.3' ],
155 silly audit   leven: [ '3.1.0' ],
155 silly audit   levn: [ '0.4.1' ],
155 silly audit   'lines-and-columns': [ '1.2.4' ],
155 silly audit   'loader-runner': [ '4.3.1' ],
155 silly audit   lodash: [ '4.18.1' ],
155 silly audit   'lodash.memoize': [ '4.1.2' ],
155 silly audit   'lodash.merge': [ '4.6.2' ],
155 silly audit   'log-symbols': [ '4.1.0' ],
155 silly audit   'lru-cache': [ '5.1.1', '10.4.3' ],
155 silly audit   'magic-string': [ '0.30.8' ],
155 silly audit   'make-dir': [ '4.0.0' ],
155 silly audit   'make-error': [ '1.3.6' ],
155 silly audit   makeerror: [ '1.0.12' ],
155 silly audit   'math-intrinsics': [ '1.1.0' ],
155 silly audit   'media-typer': [ '0.3.0' ],
155 silly audit   memfs: [ '3.5.3' ],
155 silly audit   'merge-descriptors': [ '1.0.3' ],
155 silly audit   'merge-stream': [ '2.0.0' ],
155 silly audit   methods: [ '1.1.2' ],
155 silly audit   micromatch: [ '4.0.8' ],
155 silly audit   mime: [ '1.6.0', '2.6.0' ],
155 silly audit   'mime-db': [ '1.52.0' ],
155 silly audit   'mime-types': [ '2.1.35' ],
155 silly audit   'mimic-fn': [ '2.1.0' ],
155 silly audit   minimist: [ '1.2.8' ],
155 silly audit   minipass: [ '7.1.3' ],
155 silly audit   mkdirp: [ '0.5.6' ],
155 silly audit   multer: [ '2.0.2' ],
155 silly audit   'natural-compare': [ '1.4.0' ],
155 silly audit   negotiator: [ '0.6.3' ],
155 silly audit   'neo-async': [ '2.6.2' ],
155 silly audit   'node-abort-controller': [ '3.1.1' ],
155 silly audit   'node-emoji': [ '1.11.0' ],
155 silly audit   'node-fetch': [ '2.7.0' ],
155 silly audit   'node-int64': [ '0.4.0' ],
155 silly audit   'node-releases': [ '2.0.37' ],
155 silly audit   'normalize-path': [ '3.0.0' ],
155 silly audit   'npm-run-path': [ '4.0.1' ],
155 silly audit   'object-assign': [ '4.1.1' ],
155 silly audit   'object-inspect': [ '1.13.4' ],
155 silly audit   'on-finished': [ '2.4.1' ],
155 silly audit   once: [ '1.4.0' ],
155 silly audit   onetime: [ '5.1.2' ],
155 silly audit   optionator: [ '0.9.4' ],
155 silly audit   ora: [ '5.4.1' ],
155 silly audit   'os-tmpdir': [ '1.0.2' ],
155 silly audit   'p-try': [ '2.2.0' ],
155 silly audit   'package-json-from-dist': [ '1.0.1' ],
155 silly audit   'parent-module': [ '1.0.1' ],
155 silly audit   'parse-json': [ '5.2.0' ],
155 silly audit   parseurl: [ '1.3.3' ],
155 silly audit   'path-exists': [ '4.0.0' ],
155 silly audit   'path-is-absolute': [ '1.0.1' ],
155 silly audit   'path-key': [ '3.1.1' ],
155 silly audit   'path-parse': [ '1.0.7' ],
155 silly audit   'path-scurry': [ '1.11.1' ],
155 silly audit   'path-type': [ '4.0.0' ],
155 silly audit   picocolors: [ '1.1.1' ],
155 silly audit   pirates: [ '4.0.7' ],
155 silly audit   'pkg-dir': [ '4.2.0' ],
155 silly audit   pluralize: [ '8.0.0' ],
155 silly audit   'prelude-ls': [ '1.2.1' ],
155 silly audit   prettier: [ '3.8.1' ],
155 silly audit   'prettier-linter-helpers': [ '1.0.1' ],
155 silly audit   'pretty-format': [ '29.7.0' ],
155 silly audit   prompts: [ '2.4.2' ],
155 silly audit   'proxy-addr': [ '2.0.7' ],
155 silly audit   punycode: [ '2.3.1' ],
155 silly audit   'pure-rand': [ '6.1.0' ],
155 silly audit   qs: [ '6.14.2' ],
155 silly audit   'queue-microtask': [ '1.2.3' ],
155 silly audit   'range-parser': [ '1.2.1' ],
155 silly audit   'raw-body': [ '2.5.3' ],
155 silly audit   'react-is': [ '18.3.1' ],
155 silly audit   'readable-stream': [ '3.6.2' ],
155 silly audit   readdirp: [ '3.6.0' ],
155 silly audit   'reflect-metadata': [ '0.2.2' ],
155 silly audit   'repeat-string': [ '1.6.1' ],
155 silly audit   'require-directory': [ '2.1.1' ],
155 silly audit   'require-from-string': [ '2.0.2' ],
155 silly audit   resolve: [ '1.22.11' ],
155 silly audit   'resolve-cwd': [ '3.0.0' ],
155 silly audit   'resolve.exports': [ '2.0.3' ],
155 silly audit   'restore-cursor': [ '3.1.0' ],
155 silly audit   reusify: [ '1.1.0' ],
155 silly audit   rimraf: [ '3.0.2' ],
155 silly audit   'run-parallel': [ '1.2.0' ],
155 silly audit   'safe-buffer': [ '5.2.1' ],
155 silly audit   'safer-buffer': [ '2.1.2' ],
155 silly audit   'schema-utils': [ '3.3.0', '4.3.3' ],
155 silly audit   send: [ '0.19.2' ],
155 silly audit   'serve-static': [ '1.16.3' ],
155 silly audit   'set-function-length': [ '1.2.2' ],
155 silly audit   setprototypeof: [ '1.2.0' ],
155 silly audit   'shebang-command': [ '2.0.0' ],
155 silly audit   'shebang-regex': [ '3.0.0' ],
155 silly audit   'side-channel': [ '1.1.0' ],
155 silly audit   'side-channel-list': [ '1.0.0' ],
155 silly audit   'side-channel-map': [ '1.0.1' ],
155 silly audit   'side-channel-weakmap': [ '1.0.2' ],
155 silly audit   sisteransi: [ '1.0.5' ],
155 silly audit   slash: [ '3.0.0' ],
155 silly audit   'sprintf-js': [ '1.0.3' ],
155 silly audit   'stack-utils': [ '2.0.6' ],
155 silly audit   statuses: [ '2.0.2' ],
155 silly audit   streamsearch: [ '1.1.0' ],
155 silly audit   string_decoder: [ '1.3.0' ],
155 silly audit   'string-length': [ '4.0.2' ],
155 silly audit   'strip-bom': [ '4.0.0', '3.0.0' ],
155 silly audit   'strip-final-newline': [ '2.0.0' ],
155 silly audit   'strip-json-comments': [ '3.1.1' ],
155 silly audit   strtok3: [ '10.3.5' ],
155 silly audit   superagent: [ '10.3.0' ],
155 silly audit   supertest: [ '7.2.2' ],
155 silly audit   'supports-preserve-symlinks-flag': [ '1.0.0' ],
155 silly audit   'symbol-observable': [ '4.0.0' ],
155 silly audit   synckit: [ '0.11.12' ],
155 silly audit   tapable: [ '2.3.2' ],
155 silly audit   terser: [ '5.46.1' ],
155 silly audit   'terser-webpack-plugin': [ '5.4.0' ],
155 silly audit   'test-exclude': [ '6.0.0' ],
155 silly audit   'text-table': [ '0.2.0' ],
155 silly audit   through: [ '2.3.8' ],
155 silly audit   tinyglobby: [ '0.2.16' ],
155 silly audit   tmp: [ '0.0.33' ],
155 silly audit   tmpl: [ '1.0.5' ],
155 silly audit   'to-regex-range': [ '5.0.1' ],
155 silly audit   toidentifier: [ '1.0.1' ],
155 silly audit   'token-types': [ '6.1.2' ],
155 silly audit   tr46: [ '0.0.3' ],
155 silly audit   'tree-kill': [ '1.2.2' ],
155 silly audit   'ts-api-utils': [ '2.5.0' ],
155 silly audit   'ts-jest': [ '29.4.9' ],
155 silly audit   'ts-loader': [ '9.5.7' ],
155 silly audit   'ts-node': [ '10.9.2' ],
155 silly audit   'tsconfig-paths': [ '4.2.0' ],
155 silly audit   'tsconfig-paths-webpack-plugin': [ '4.2.0' ],
155 silly audit   tslib: [ '2.8.1' ],
155 silly audit   'type-check': [ '0.4.0' ],
155 silly audit   'type-detect': [ '4.0.8' ],
155 silly audit   'type-is': [ '1.6.18' ],
155 silly audit   typedarray: [ '0.0.6' ],
155 silly audit   'uglify-js': [ '3.19.3' ],
155 silly audit   uid: [ '2.0.2' ],
155 silly audit   'uint8array-extras': [ '1.5.0' ],
155 silly audit   'undici-types': [ '6.21.0' ],
155 silly audit   universalify: [ '2.0.1' ],
155 silly audit   unpipe: [ '1.0.0' ],
155 silly audit   'update-browserslist-db': [ '1.2.3' ],
155 silly audit   'uri-js': [ '4.4.1' ],
155 silly audit   'util-deprecate': [ '1.0.2' ],
155 silly audit   'utils-merge': [ '1.0.1' ],
155 silly audit   'v8-compile-cache-lib': [ '3.0.1' ],
155 silly audit   'v8-to-istanbul': [ '9.3.0' ],
155 silly audit   vary: [ '1.1.2' ],
155 silly audit   walker: [ '1.0.8' ],
155 silly audit   watchpack: [ '2.5.1' ],
155 silly audit   wcwidth: [ '1.0.1' ],
155 silly audit   'webidl-conversions': [ '3.0.1' ],
155 silly audit   'webpack-node-externals': [ '3.0.0' ],
155 silly audit   'webpack-sources': [ '3.3.4' ],
155 silly audit   'whatwg-url': [ '5.0.0' ],
155 silly audit   which: [ '2.0.2' ],
155 silly audit   'word-wrap': [ '1.2.5' ],
155 silly audit   wordwrap: [ '1.0.0' ],
155 silly audit   wrappy: [ '1.0.2' ],
155 silly audit   'write-file-atomic': [ '4.0.2' ],
155 silly audit   xtend: [ '4.0.2' ],
155 silly audit   y18n: [ '5.0.8' ],
155 silly audit   yallist: [ '3.1.1' ],
155 silly audit   yargs: [ '17.7.2' ],
155 silly audit   'yargs-parser': [ '21.1.1' ],
155 silly audit   yn: [ '3.1.1' ],
155 silly audit   'yocto-queue': [ '0.1.0' ],
155 silly audit   '@prisma/client': [ '5.22.0' ],
155 silly audit   prisma: [ '5.22.0' ],
155 silly audit   '@prisma/engines': [ '5.22.0' ],
155 silly audit   '@prisma/debug': [ '5.22.0' ],
155 silly audit   '@prisma/engines-version': [ '5.22.0-44.605197351a3c8bdd595af2d2a9bc3025bca48ea2' ],
155 silly audit   '@prisma/fetch-engine': [ '5.22.0' ],
155 silly audit   '@prisma/get-platform': [ '5.22.0' ]
155 silly audit }
156 silly tarball no local data for @prisma/client@https://registry.npmjs.org/@prisma/client/-/client-5.22.0.tgz. Extracting by manifest.
157 silly tarball no local data for @prisma/engines-version@https://registry.npmjs.org/@prisma/engines-version/-/engines-version-5.22.0-44.605197351a3c8bdd595af2d2a9bc3025bca48ea2.tgz. Extracting by manifest.
158 silly tarball no local data for @prisma/fetch-engine@https://registry.npmjs.org/@prisma/fetch-engine/-/fetch-engine-5.22.0.tgz. Extracting by manifest.
159 silly tarball no local data for @prisma/get-platform@https://registry.npmjs.org/@prisma/get-platform/-/get-platform-5.22.0.tgz. Extracting by manifest.
160 silly tarball no local data for @prisma/engines@https://registry.npmjs.org/@prisma/engines/-/engines-5.22.0.tgz. Extracting by manifest.
161 silly tarball no local data for prisma@https://registry.npmjs.org/prisma/-/prisma-5.22.0.tgz. Extracting by manifest.
162 silly tarball no local data for @prisma/debug@https://registry.npmjs.org/@prisma/debug/-/debug-5.22.0.tgz. Extracting by manifest.
163 http fetch POST 200 https://registry.npmjs.org/-/npm/v1/security/advisories/bulk 455ms
164 timing auditReport:getReport Completed in 463ms
165 silly audit report {
165 silly audit report   ajv: [
165 silly audit report     {
165 silly audit report       id: 1113715,
165 silly audit report       url: 'https://github.com/advisories/GHSA-2g4f-4pwh-qvx6',
165 silly audit report       title: 'ajv has ReDoS when using `$data` option',
165 silly audit report       severity: 'moderate',
165 silly audit report       vulnerable_versions: '>=7.0.0-alpha.0 <8.18.0',
165 silly audit report       cwe: [Array],
165 silly audit report       cvss: [Object]
165 silly audit report     }
165 silly audit report   ],
165 silly audit report   glob: [
165 silly audit report     {
165 silly audit report       id: 1109842,
165 silly audit report       url: 'https://github.com/advisories/GHSA-5j98-mcp5-4vw2',
165 silly audit report       title: 'glob CLI: Command injection via -c/--cmd executes matches with shell:true',
165 silly audit report       severity: 'high',
165 silly audit report       vulnerable_versions: '>=10.2.0 <10.5.0',
165 silly audit report       cwe: [Array],
165 silly audit report       cvss: [Object]
165 silly audit report     }
165 silly audit report   ],
165 silly audit report   webpack: [
165 silly audit report     {
165 silly audit report       id: 1113041,
165 silly audit report       url: 'https://github.com/advisories/GHSA-8fgc-7cc6-rx7x',
165 silly audit report       title: 'webpack buildHttp: allowedUris allow-list bypass via URL userinfo (@) leading to build-time SSRF behavior',
165 silly audit report       severity: 'low',
165 silly audit report       vulnerable_versions: '>=5.49.0 <=5.104.0',
165 silly audit report       cwe: [Array],
165 silly audit report       cvss: [Object]
165 silly audit report     },
165 silly audit report     {
165 silly audit report       id: 1113042,
165 silly audit report       url: 'https://github.com/advisories/GHSA-38r7-794h-5758',
165 silly audit report       title: 'webpack buildHttp HttpUriPlugin allowedUris bypass via HTTP redirects → SSRF + cache persistence',
165 silly audit report       severity: 'low',
165 silly audit report       vulnerable_versions: '>=5.49.0 <5.104.0',
165 silly audit report       cwe: [Array],
165 silly audit report       cvss: [Object]
165 silly audit report     }
165 silly audit report   ],
165 silly audit report   '@nestjs/core': [
165 silly audit report     {
165 silly audit report       id: 1116226,
165 silly audit report       url: 'https://github.com/advisories/GHSA-36xv-jgw5-4q75',
165 silly audit report       title: "@nestjs/core Improperly Neutralizes Special Elements in Output Used by a Downstream Component ('Injection')",
165 silly audit report       severity: 'moderate',
165 silly audit report       vulnerable_versions: '<=11.1.17',
165 silly audit report       cwe: [Array],
165 silly audit report       cvss: [Object]
165 silly audit report     }
165 silly audit report   ],
165 silly audit report   picomatch: [
165 silly audit report     {
165 silly audit report       id: 1115551,
165 silly audit report       url: 'https://github.com/advisories/GHSA-3v7f-55p6-f55p',
165 silly audit report       title: 'Picomatch: Method Injection in POSIX Character Classes causes incorrect Glob Matching',
165 silly audit report       severity: 'moderate',
165 silly audit report       vulnerable_versions: '>=4.0.0 <4.0.4',
165 silly audit report       cwe: [Array],
165 silly audit report       cvss: [Object]
165 silly audit report     },
165 silly audit report     {
165 silly audit report       id: 1115554,
165 silly audit report       url: 'https://github.com/advisories/GHSA-c2c7-rcm5-vvqj',
165 silly audit report       title: 'Picomatch has a ReDoS vulnerability via extglob quantifiers',
165 silly audit report       severity: 'high',
165 silly audit report       vulnerable_versions: '>=4.0.0 <4.0.4',
165 silly audit report       cwe: [Array],
165 silly audit report       cvss: [Object]
165 silly audit report     }
165 silly audit report   ],
165 silly audit report   'file-type': [
165 silly audit report     {
165 silly audit report       id: 1114301,
165 silly audit report       url: 'https://github.com/advisories/GHSA-5v7r-6r5c-r473',
165 silly audit report       title: 'file-type affected by infinite loop in ASF parser on malformed input with zero-size sub-header',
165 silly audit report       severity: 'moderate',
165 silly audit report       vulnerable_versions: '>=13.0.0 <21.3.1',
165 silly audit report       cwe: [Array],
165 silly audit report       cvss: [Object]
165 silly audit report     },
165 silly audit report     {
165 silly audit report       id: 1114726,
165 silly audit report       url: 'https://github.com/advisories/GHSA-j47w-4g3g-c36v',
165 silly audit report       title: 'file-type: ZIP Decompression Bomb DoS via [Content_Types].xml entry',
165 silly audit report       severity: 'moderate',
165 silly audit report       vulnerable_versions: '>=20.0.0 <=21.3.1',
165 silly audit report       cwe: [Array],
165 silly audit report       cvss: [Object]
165 silly audit report     }
165 silly audit report   ],
165 silly audit report   multer: [
165 silly audit report     {
165 silly audit report       id: 1113635,
165 silly audit report       url: 'https://github.com/advisories/GHSA-xf7r-hgr6-v32p',
165 silly audit report       title: 'Multer vulnerable to Denial of Service via incomplete cleanup',
165 silly audit report       severity: 'high',
165 silly audit report       vulnerable_versions: '<2.1.0',
165 silly audit report       cwe: [Array],
165 silly audit report       cvss: [Object]
165 silly audit report     },
165 silly audit report     {
165 silly audit report       id: 1113636,
165 silly audit report       url: 'https://github.com/advisories/GHSA-v52c-386h-88mc',
165 silly audit report       title: 'Multer vulnerable to Denial of Service via resource exhaustion',
165 silly audit report       severity: 'high',
165 silly audit report       vulnerable_versions: '<2.1.0',
165 silly audit report       cwe: [Array],
165 silly audit report       cvss: [Object]
165 silly audit report     },
165 silly audit report     {
165 silly audit report       id: 1113996,
165 silly audit report       url: 'https://github.com/advisories/GHSA-5528-5vmv-3xc2',
165 silly audit report       title: 'Multer Vulnerable to Denial of Service via Uncontrolled Recursion',
165 silly audit report       severity: 'high',
165 silly audit report       vulnerable_versions: '<2.1.1',
165 silly audit report       cwe: [Array],
165 silly audit report       cvss: [Object]
165 silly audit report     }
165 silly audit report   ],
165 silly audit report   tmp: [
165 silly audit report     {
165 silly audit report       id: 1109537,
165 silly audit report       url: 'https://github.com/advisories/GHSA-52f5-9888-hmc6',
165 silly audit report       title: 'tmp allows arbitrary temporary file / directory write via symbolic link `dir` parameter',
165 silly audit report       severity: 'low',
165 silly audit report       vulnerable_versions: '<=0.2.3',
165 silly audit report       cwe: [Array],
165 silly audit report       cvss: [Object]
165 silly audit report     }
165 silly audit report   ]
165 silly audit report }
166 timing metavuln:cache:get:security-advisory:glob:NTB2XjbDOgk4lkd8PZ3tUAm1F3E/ohGF6rl9/3LEO7Z0FDzSR5nWwzd3nUENA3NCNdyeR+35DOC12wPml2IV+g== Completed in 13ms
167 timing metavuln:cache:get:security-advisory:ajv:URErmxoyazZWR5lFcXpgTkGsbkrUBDlzD8W6txjBw2wZoOC7oHjHFfCrRr/VnGeJvbyUY9E2jxrL8p2XbwfP8g== Completed in 15ms
168 timing metavuln:cache:get:security-advisory:webpack:IzHFkMfHDC+SV3IL23ZHngntgLDUgyESA9Ge8Mh5rKNVcDpaWLuTZIcoUJg4/bAH+BQlnDzJ4nLfJCy6fOIM0A== Completed in 16ms
169 timing metavuln:cache:get:security-advisory:webpack:s8eUYzfoKCRSDroeyV91F0huXvDaY4W8tlhzcL2BszFV9dolZHIAn/UZ/7LVU12F35esXqY1PqnhYKHfHcDozQ== Completed in 16ms
170 timing metavuln:cache:get:security-advisory:file-type:AZrJ3br1RJSxE2G6Czr5++tFYi2k2/ylfZRgUQZUrlygD3CZ/ZALBU9rjpJR/B3eszCvA7o1H5g6DJc+NnIKow== Completed in 16ms
171 timing metavuln:cache:get:security-advisory:picomatch:PpR3fLr2OHopA+LsAWF3etD15aOC+jSmDwUcp4VQCTrR40wKvI/IGhhNd2qAhozxRYiHGwb06lLJm+b8SMoG/w== Completed in 16ms
172 timing metavuln:cache:get:security-advisory:@nestjs/core:4Zi8IVGdrSmWE32EWxPaqJmqK3gSVUyCiZrde+6UWTW0ptKqJqjkTfzbhMSq09BtjZkSgesrsgnbvuNITLOudg== Completed in 16ms
173 timing metavuln:cache:get:security-advisory:picomatch:2VXNT0aF/Oc+aljqzVZL+y7UYoRsun3f1sCqjauwt4R4X9DizyqvONZbNtH8U58EY1DnyPNR0Ul3cX6UkEWNqw== Completed in 16ms
174 timing metavuln:cache:get:security-advisory:tmp:V3G1/32m1INmxzF7DH8U9+hPLfLDwu212EGrFu8JRzclhxB0gxzMnsZrTw0XPEl25AELz/OIalK0mefrwUABIQ== Completed in 15ms
175 timing metavuln:cache:get:security-advisory:file-type:oIh6/tlw+9w734LA/o4O9aEkTTIpz3hCJfBMLEc1K6gmrGXwpQcMrmfWkBuF0gWHa/RQNwhp7MwErWDTbebKRw== Completed in 16ms
176 timing metavuln:cache:get:security-advisory:multer:lOAak55pQbkEMgAD7w4/T/PhKeGdnA/ERPeYP3WzcNnmOvYT+IhOKnMOz49q5ltw/6mNTZsPWaAlpzaElDp0pQ== Completed in 16ms
177 timing metavuln:cache:get:security-advisory:multer:9alOYGAxeb3ByTV29rk5IYOvvoI7zOv/LmNNE/Ax3uTYKgVSePyz6JVVXMKs5ixTiXUUODeCG2+ymbO6ww2cEA== Completed in 16ms
178 timing metavuln:cache:get:security-advisory:multer:NU0/k/JRt57kYnnd0YlWFdqmHcBXq80/MbQoAk9ur1mFsjG7/BzuKih73nCggFHXlWyOSv3qyYcXT/gfVYH2Mw== Completed in 16ms
179 http fetch GET 200 https://registry.npmjs.org/ajv 38ms (cache hit)
180 timing metavuln:packument:ajv Completed in 44ms
181 timing metavuln:load:security-advisory:ajv:1113715 Completed in 3ms
182 timing metavuln:calculate:security-advisory:ajv:1113715 Completed in 47ms
183 http fetch GET 200 https://registry.npmjs.org/webpack 50ms (cache hit)
184 timing metavuln:packument:webpack Completed in 71ms
185 timing metavuln:load:security-advisory:webpack:1113041 Completed in 6ms
186 timing metavuln:calculate:security-advisory:webpack:1113041 Completed in 77ms
187 timing metavuln:load:security-advisory:webpack:1113042 Completed in 8ms
188 timing metavuln:calculate:security-advisory:webpack:1113042 Completed in 84ms
189 http fetch GET 200 https://registry.npmjs.org/glob 89ms (cache hit)
190 timing metavuln:packument:glob Completed in 90ms
191 timing metavuln:load:security-advisory:glob:1109842 Completed in 0ms
192 timing metavuln:calculate:security-advisory:glob:1109842 Completed in 91ms
193 http fetch GET 200 https://registry.npmjs.org/picomatch 91ms (cache hit)
194 timing metavuln:packument:picomatch Completed in 92ms
195 timing metavuln:load:security-advisory:picomatch:1115551 Completed in 0ms
196 timing metavuln:calculate:security-advisory:picomatch:1115551 Completed in 92ms
197 timing metavuln:load:security-advisory:picomatch:1115554 Completed in 0ms
198 timing metavuln:calculate:security-advisory:picomatch:1115554 Completed in 92ms
199 http fetch GET 200 https://registry.npmjs.org/tmp 92ms (cache hit)
200 timing metavuln:packument:tmp Completed in 93ms
201 timing metavuln:load:security-advisory:tmp:1109537 Completed in 0ms
202 timing metavuln:calculate:security-advisory:tmp:1109537 Completed in 93ms
203 http fetch GET 200 https://registry.npmjs.org/@prisma/engines/-/engines-5.22.0.tgz 792ms (cache miss)
204 timing reifyNode:node_modules/@prisma/engines Completed in 814ms
205 http fetch GET 200 https://registry.npmjs.org/@prisma/engines-version/-/engines-version-5.22.0-44.605197351a3c8bdd595af2d2a9bc3025bca48ea2.tgz 796ms (cache miss)
206 timing reifyNode:node_modules/@prisma/engines-version Completed in 814ms
207 http fetch GET 200 https://registry.npmjs.org/@nestjs%2fcore 556ms (cache revalidated)
208 timing metavuln:packument:@nestjs/core Completed in 560ms
209 timing metavuln:load:security-advisory:@nestjs/core:1116226 Completed in 4ms
210 timing metavuln:calculate:security-advisory:@nestjs/core:1116226 Completed in 564ms
211 http fetch GET 200 https://registry.npmjs.org/file-type 915ms (cache revalidated)
212 timing metavuln:packument:file-type Completed in 917ms
213 timing metavuln:load:security-advisory:file-type:1114301 Completed in 0ms
214 timing metavuln:calculate:security-advisory:file-type:1114301 Completed in 918ms
215 timing metavuln:load:security-advisory:file-type:1114726 Completed in 1ms
216 timing metavuln:calculate:security-advisory:file-type:1114726 Completed in 918ms
217 http fetch GET 200 https://registry.npmjs.org/@prisma/get-platform/-/get-platform-5.22.0.tgz 1355ms (cache miss)
218 timing reifyNode:node_modules/@prisma/get-platform Completed in 1375ms
219 http fetch GET 200 https://registry.npmjs.org/multer 1142ms (cache revalidated)
220 timing metavuln:packument:multer Completed in 1143ms
221 timing metavuln:load:security-advisory:multer:1113635 Completed in 0ms
222 timing metavuln:calculate:security-advisory:multer:1113635 Completed in 1144ms
223 timing metavuln:load:security-advisory:multer:1113636 Completed in 0ms
224 timing metavuln:calculate:security-advisory:multer:1113636 Completed in 1144ms
225 timing metavuln:load:security-advisory:multer:1113996 Completed in 0ms
226 timing metavuln:calculate:security-advisory:multer:1113996 Completed in 1145ms
227 timing metavuln:cache:get:security-advisory:@angular-devkit/core:qJcRGgqCNBu6M7QIMReHIELw+c0d9p4cCRVYlgJOuax/8CHtmq98t794FTHMO1RxUDx9IShwUM4HjPVJqUpPLQ== Completed in 16ms
228 timing metavuln:cache:get:security-advisory:schema-utils:jeD++QW3RmuXUj4724QcitSOqXm1y5wbrmfm8CQ+ksMJQx9x5aXXN4+FC6sDGla6lZbT/KpvddsLwTCnkcqp7w== Completed in 15ms
229 timing metavuln:cache:get:security-advisory:ajv-formats:FvZpb7jSNyyWiQIVPGitnU868Mo9VzJTfWeYAHvgwc94UdQjyn/4YC1QV41UK3biKRAfI35CyKmFL3IDemDaKQ== Completed in 16ms
230 timing metavuln:cache:get:security-advisory:ajv-keywords:2GXRn8zsuxNEY7/qN6wYE4CrPKkAphM+4Wm/OdOGHx+Nj0CLwtJcho1aVT3xUylELIHg6tXqQVmGBKQ2DdlCMA== Completed in 16ms
231 http fetch GET 200 https://registry.npmjs.org/@prisma/debug/-/debug-5.22.0.tgz 1594ms (cache miss)
232 timing reifyNode:node_modules/@prisma/debug Completed in 1623ms
233 http fetch GET 200 https://registry.npmjs.org/ajv-keywords 26ms (cache hit)
234 timing metavuln:packument:ajv-keywords Completed in 27ms
235 timing metavuln:load:security-advisory:ajv-keywords:URErmxoyazZWR5lFcXpgTkGsbkrUBDlzD8W6txjBw2wZoOC7oHjHFfCrRr/VnGeJvbyUY9E2jxrL8p2XbwfP8g== Completed in 0ms
236 timing metavuln:calculate:security-advisory:ajv-keywords:URErmxoyazZWR5lFcXpgTkGsbkrUBDlzD8W6txjBw2wZoOC7oHjHFfCrRr/VnGeJvbyUY9E2jxrL8p2XbwfP8g== Completed in 27ms
237 http fetch GET 200 https://registry.npmjs.org/schema-utils 28ms (cache hit)
238 timing metavuln:packument:schema-utils Completed in 29ms
239 timing metavuln:load:security-advisory:schema-utils:URErmxoyazZWR5lFcXpgTkGsbkrUBDlzD8W6txjBw2wZoOC7oHjHFfCrRr/VnGeJvbyUY9E2jxrL8p2XbwfP8g== Completed in 1ms
240 timing metavuln:calculate:security-advisory:schema-utils:URErmxoyazZWR5lFcXpgTkGsbkrUBDlzD8W6txjBw2wZoOC7oHjHFfCrRr/VnGeJvbyUY9E2jxrL8p2XbwfP8g== Completed in 30ms
241 http fetch GET 200 https://registry.npmjs.org/@angular-devkit%2fcore 35ms (cache hit)
242 timing metavuln:packument:@angular-devkit/core Completed in 60ms
243 timing metavuln:load:security-advisory:@angular-devkit/core:URErmxoyazZWR5lFcXpgTkGsbkrUBDlzD8W6txjBw2wZoOC7oHjHFfCrRr/VnGeJvbyUY9E2jxrL8p2XbwfP8g== Completed in 14ms
244 timing metavuln:calculate:security-advisory:@angular-devkit/core:URErmxoyazZWR5lFcXpgTkGsbkrUBDlzD8W6txjBw2wZoOC7oHjHFfCrRr/VnGeJvbyUY9E2jxrL8p2XbwfP8g== Completed in 75ms
245 http fetch GET 200 https://registry.npmjs.org/ajv-formats 75ms (cache hit)
246 timing metavuln:packument:ajv-formats Completed in 77ms
247 timing metavuln:load:security-advisory:ajv-formats:URErmxoyazZWR5lFcXpgTkGsbkrUBDlzD8W6txjBw2wZoOC7oHjHFfCrRr/VnGeJvbyUY9E2jxrL8p2XbwfP8g== Completed in 0ms
248 timing metavuln:calculate:security-advisory:ajv-formats:URErmxoyazZWR5lFcXpgTkGsbkrUBDlzD8W6txjBw2wZoOC7oHjHFfCrRr/VnGeJvbyUY9E2jxrL8p2XbwfP8g== Completed in 78ms
249 timing metavuln:cache:get:security-advisory:@nestjs/cli:xnHpvi/X6a2++2LgMAW0FXOJT5kac+Oz1qbleHDeULV1AyTxUOArfncUPzm7x7xw/6f+ZK3xdWIaLi64g8iZZQ== Completed in 15ms
250 http fetch GET 200 https://registry.npmjs.org/@nestjs%2fcli 20ms (cache hit)
251 timing metavuln:packument:@nestjs/cli Completed in 28ms
252 timing metavuln:load:security-advisory:@nestjs/cli:NTB2XjbDOgk4lkd8PZ3tUAm1F3E/ohGF6rl9/3LEO7Z0FDzSR5nWwzd3nUENA3NCNdyeR+35DOC12wPml2IV+g== Completed in 0ms
253 timing metavuln:calculate:security-advisory:@nestjs/cli:NTB2XjbDOgk4lkd8PZ3tUAm1F3E/ohGF6rl9/3LEO7Z0FDzSR5nWwzd3nUENA3NCNdyeR+35DOC12wPml2IV+g== Completed in 29ms
254 timing metavuln:cache:get:security-advisory:@nestjs/cli:qQRRGBPCJ+deUv/AVVFiDDrfN1PvQguhBu2lMksVBX4cesPs+cjg43khdlx803sYhYUdVD2dJXRikh4M9WbpHA== Completed in 2ms
255 timing metavuln:load:security-advisory:@nestjs/cli:IzHFkMfHDC+SV3IL23ZHngntgLDUgyESA9Ge8Mh5rKNVcDpaWLuTZIcoUJg4/bAH+BQlnDzJ4nLfJCy6fOIM0A== Completed in 1ms
256 timing metavuln:calculate:security-advisory:@nestjs/cli:IzHFkMfHDC+SV3IL23ZHngntgLDUgyESA9Ge8Mh5rKNVcDpaWLuTZIcoUJg4/bAH+BQlnDzJ4nLfJCy6fOIM0A== Completed in 5ms
257 timing metavuln:cache:get:security-advisory:@nestjs/testing:LqXuKb39G6lCnNbwqe/E4tswuqZtPLpbrFks1aYnmpLVWNcPesAkkf0w5rf7Mj9g9TyeJ+ZbDuFsKd+c0hVOMg== Completed in 24ms
258 timing metavuln:cache:get:security-advisory:@nestjs/platform-express:O3rIx/ZlBlyggvfcOWyNBJFgji3Dh42hYT3yoLjpN01V0z7j1kIMgW4ioMQGn0uqmYO+8uACtow78NyO283kig== Completed in 25ms
259 http fetch GET 200 https://registry.npmjs.org/@prisma/fetch-engine/-/fetch-engine-5.22.0.tgz 2238ms (cache miss)
260 timing reifyNode:node_modules/@prisma/fetch-engine Completed in 2257ms
261 http fetch GET 200 https://registry.npmjs.org/@nestjs%2fplatform-express 1816ms (cache revalidated)
262 timing metavuln:packument:@nestjs/platform-express Completed in 1820ms
263 timing metavuln:load:security-advisory:@nestjs/platform-express:4Zi8IVGdrSmWE32EWxPaqJmqK3gSVUyCiZrde+6UWTW0ptKqJqjkTfzbhMSq09BtjZkSgesrsgnbvuNITLOudg== Completed in 1ms
264 timing metavuln:calculate:security-advisory:@nestjs/platform-express:4Zi8IVGdrSmWE32EWxPaqJmqK3gSVUyCiZrde+6UWTW0ptKqJqjkTfzbhMSq09BtjZkSgesrsgnbvuNITLOudg== Completed in 1822ms
265 http fetch GET 200 https://registry.npmjs.org/@nestjs%2ftesting 1846ms (cache revalidated)
266 timing metavuln:packument:@nestjs/testing Completed in 1850ms
267 timing metavuln:load:security-advisory:@nestjs/testing:4Zi8IVGdrSmWE32EWxPaqJmqK3gSVUyCiZrde+6UWTW0ptKqJqjkTfzbhMSq09BtjZkSgesrsgnbvuNITLOudg== Completed in 2ms
268 timing metavuln:calculate:security-advisory:@nestjs/testing:4Zi8IVGdrSmWE32EWxPaqJmqK3gSVUyCiZrde+6UWTW0ptKqJqjkTfzbhMSq09BtjZkSgesrsgnbvuNITLOudg== Completed in 1852ms
269 timing metavuln:cache:get:security-advisory:@angular-devkit/core:xyzLPDuv/jkwtHwN8LfoSdVtmkQSihR/LAdw45VxebaK0d81jNebi58CmsWd01JXCc1sxpMIISROOc4L6emt3g== Completed in 3ms
270 timing metavuln:load:security-advisory:@angular-devkit/core:2VXNT0aF/Oc+aljqzVZL+y7UYoRsun3f1sCqjauwt4R4X9DizyqvONZbNtH8U58EY1DnyPNR0Ul3cX6UkEWNqw== Completed in 5ms
271 timing metavuln:calculate:security-advisory:@angular-devkit/core:2VXNT0aF/Oc+aljqzVZL+y7UYoRsun3f1sCqjauwt4R4X9DizyqvONZbNtH8U58EY1DnyPNR0Ul3cX6UkEWNqw== Completed in 8ms
272 timing metavuln:cache:get:security-advisory:fdir:I7IZptQLXjhZ5TVjlLB1vJ5JfgkV8HlzAFySNm0W8XK7Klvz8UNk59CjMAZ1uqS4G0ttvhpXbZB8RE9vuO4PCA== Completed in 7ms
273 http fetch GET 200 https://registry.npmjs.org/fdir 1213ms (cache revalidated)
274 timing metavuln:packument:fdir Completed in 1214ms
275 timing metavuln:load:security-advisory:fdir:2VXNT0aF/Oc+aljqzVZL+y7UYoRsun3f1sCqjauwt4R4X9DizyqvONZbNtH8U58EY1DnyPNR0Ul3cX6UkEWNqw== Completed in 0ms
276 timing metavuln:calculate:security-advisory:fdir:2VXNT0aF/Oc+aljqzVZL+y7UYoRsun3f1sCqjauwt4R4X9DizyqvONZbNtH8U58EY1DnyPNR0Ul3cX6UkEWNqw== Completed in 1214ms
277 timing metavuln:cache:get:security-advisory:@nestjs/common:AWyW+Cm4QCUkLKckdCd3SO0JmSPWnh1cH2cSm6a983KicPsIlhyajyQ7UdPDDyxOKbJYff8zCHU+A7zH6slr0A== Completed in 2ms
278 http fetch GET 200 https://registry.npmjs.org/@nestjs%2fcommon 1535ms (cache revalidated)
279 timing metavuln:packument:@nestjs/common Completed in 1547ms
280 timing metavuln:load:security-advisory:@nestjs/common:AZrJ3br1RJSxE2G6Czr5++tFYi2k2/ylfZRgUQZUrlygD3CZ/ZALBU9rjpJR/B3eszCvA7o1H5g6DJc+NnIKow== Completed in 6ms
281 timing metavuln:calculate:security-advisory:@nestjs/common:AZrJ3br1RJSxE2G6Czr5++tFYi2k2/ylfZRgUQZUrlygD3CZ/ZALBU9rjpJR/B3eszCvA7o1H5g6DJc+NnIKow== Completed in 1555ms
282 timing metavuln:cache:get:security-advisory:@nestjs/platform-express:5SlLFLGxMS+V/ce8Mw2WXGdvHtfBoHOjeMzXQb+8HqHiUvLuRYnqgSyrSmUAqvYW3js0C7epugKzriXk1uNsVg== Completed in 144ms
283 timing metavuln:load:security-advisory:@nestjs/platform-express:9alOYGAxeb3ByTV29rk5IYOvvoI7zOv/LmNNE/Ax3uTYKgVSePyz6JVVXMKs5ixTiXUUODeCG2+ymbO6ww2cEA== Completed in 7ms
284 timing metavuln:calculate:security-advisory:@nestjs/platform-express:9alOYGAxeb3ByTV29rk5IYOvvoI7zOv/LmNNE/Ax3uTYKgVSePyz6JVVXMKs5ixTiXUUODeCG2+ymbO6ww2cEA== Completed in 152ms
285 timing metavuln:cache:get:security-advisory:external-editor:k9jGBqGlXNzQD16YS/NO+Rl/kfJ7ivT68PW+spukdOc38S6eMTlvffh3/WPMyZJX/oetO8NfeKfnv4A/FbjuQA== Completed in 14ms
286 http fetch GET 200 https://registry.npmjs.org/external-editor 11ms (cache hit)
287 timing metavuln:packument:external-editor Completed in 14ms
288 timing metavuln:load:security-advisory:external-editor:V3G1/32m1INmxzF7DH8U9+hPLfLDwu212EGrFu8JRzclhxB0gxzMnsZrTw0XPEl25AELz/OIalK0mefrwUABIQ== Completed in 0ms
289 timing metavuln:calculate:security-advisory:external-editor:V3G1/32m1INmxzF7DH8U9+hPLfLDwu212EGrFu8JRzclhxB0gxzMnsZrTw0XPEl25AELz/OIalK0mefrwUABIQ== Completed in 21ms
290 timing metavuln:cache:get:security-advisory:@nestjs/schematics:pk9FoblU0Zvzo445j6MhrqMYm0s8G0DBJUdtvHm729V1Qt87E8ApT8/XwKlAET+vd7ds401XkYpAY/551C4SIw== Completed in 5ms
291 timing metavuln:cache:get:security-advisory:@angular-devkit/schematics-cli:QtRhRYPkxaVkEz4LmvntgVxG40yD4w8S9Hl76JxQYefn7/SUnrr6MhCjQn+axuL43GmCYoZC70k9dmN0ddqTYg== Completed in 6ms
292 timing metavuln:cache:get:security-advisory:@nestjs/cli:hgS303gMPfCHhFblO5JvunMCPGk5Wzp9RdDNjv7FYcTXHwCegNrk0KgP+srMe9qLtPUEhaiL5fMsn8B8glE57A== Completed in 6ms
293 timing metavuln:load:security-advisory:@nestjs/cli:qJcRGgqCNBu6M7QIMReHIELw+c0d9p4cCRVYlgJOuax/8CHtmq98t794FTHMO1RxUDx9IShwUM4HjPVJqUpPLQ== Completed in 2ms
294 timing metavuln:calculate:security-advisory:@nestjs/cli:qJcRGgqCNBu6M7QIMReHIELw+c0d9p4cCRVYlgJOuax/8CHtmq98t794FTHMO1RxUDx9IShwUM4HjPVJqUpPLQ== Completed in 8ms
295 timing metavuln:cache:get:security-advisory:@angular-devkit/schematics:+AZxxbPaavrpEZUtPN2DwQUbkBs0WuKPTVD9GAWPs56gqx9W1qeQhFXDcc6NuY35V5fMAnfr9NS8jtkGuOSMnQ== Completed in 13ms
296 http fetch GET 200 https://registry.npmjs.org/@nestjs%2fschematics 13ms (cache hit)
297 timing metavuln:packument:@nestjs/schematics Completed in 24ms
298 timing metavuln:load:security-advisory:@nestjs/schematics:qJcRGgqCNBu6M7QIMReHIELw+c0d9p4cCRVYlgJOuax/8CHtmq98t794FTHMO1RxUDx9IShwUM4HjPVJqUpPLQ== Completed in 0ms
299 timing metavuln:calculate:security-advisory:@nestjs/schematics:qJcRGgqCNBu6M7QIMReHIELw+c0d9p4cCRVYlgJOuax/8CHtmq98t794FTHMO1RxUDx9IShwUM4HjPVJqUpPLQ== Completed in 25ms
300 http fetch GET 200 https://registry.npmjs.org/@angular-devkit%2fschematics 32ms (cache hit)
301 timing metavuln:packument:@angular-devkit/schematics Completed in 42ms
302 timing metavuln:load:security-advisory:@angular-devkit/schematics:qJcRGgqCNBu6M7QIMReHIELw+c0d9p4cCRVYlgJOuax/8CHtmq98t794FTHMO1RxUDx9IShwUM4HjPVJqUpPLQ== Completed in 8ms
303 timing metavuln:calculate:security-advisory:@angular-devkit/schematics:qJcRGgqCNBu6M7QIMReHIELw+c0d9p4cCRVYlgJOuax/8CHtmq98t794FTHMO1RxUDx9IShwUM4HjPVJqUpPLQ== Completed in 50ms
304 http fetch GET 200 https://registry.npmjs.org/@angular-devkit%2fschematics-cli 49ms (cache hit)
305 timing metavuln:packument:@angular-devkit/schematics-cli Completed in 65ms
306 timing metavuln:load:security-advisory:@angular-devkit/schematics-cli:qJcRGgqCNBu6M7QIMReHIELw+c0d9p4cCRVYlgJOuax/8CHtmq98t794FTHMO1RxUDx9IShwUM4HjPVJqUpPLQ== Completed in 10ms
307 timing metavuln:calculate:security-advisory:@angular-devkit/schematics-cli:qJcRGgqCNBu6M7QIMReHIELw+c0d9p4cCRVYlgJOuax/8CHtmq98t794FTHMO1RxUDx9IShwUM4HjPVJqUpPLQ== Completed in 76ms
308 timing metavuln:cache:get:security-advisory:@nestjs/core:K5NExvZCCE4ws3WF4UpcaWY/1H39iz0aBVPQJcliH46Z9dFfb3M6oaG3NZGIAgrPWqa6KMVE3Mi0p6F0KYU2aQ== Completed in 14ms
309 timing metavuln:load:security-advisory:@nestjs/core:O3rIx/ZlBlyggvfcOWyNBJFgji3Dh42hYT3yoLjpN01V0z7j1kIMgW4ioMQGn0uqmYO+8uACtow78NyO283kig== Completed in 3ms
310 timing metavuln:calculate:security-advisory:@nestjs/core:O3rIx/ZlBlyggvfcOWyNBJFgji3Dh42hYT3yoLjpN01V0z7j1kIMgW4ioMQGn0uqmYO+8uACtow78NyO283kig== Completed in 17ms
311 timing metavuln:cache:get:security-advisory:@nestjs/testing:nhG6s+GSA8Wo1E4xdIUdxkMvqthWif+iCsLYmjwr08OtsYRz01biu9PJVG4A9NompbTpGvJk+JoP7vhjAgL4BA== Completed in 17ms
312 timing metavuln:load:security-advisory:@nestjs/testing:O3rIx/ZlBlyggvfcOWyNBJFgji3Dh42hYT3yoLjpN01V0z7j1kIMgW4ioMQGn0uqmYO+8uACtow78NyO283kig== Completed in 4ms
313 timing metavuln:calculate:security-advisory:@nestjs/testing:O3rIx/ZlBlyggvfcOWyNBJFgji3Dh42hYT3yoLjpN01V0z7j1kIMgW4ioMQGn0uqmYO+8uACtow78NyO283kig== Completed in 21ms
314 timing metavuln:cache:get:security-advisory:@nestjs/core:iXWWda6Q7xT4mVmBuAbZ66Yt+bIqOAEFjZwEXFJ0WR4ML1Z/eWV+FuQOB9eZHYdulNBSasIEsxv5Y9ciXCdDyA== Completed in 29ms
315 timing metavuln:load:security-advisory:@nestjs/core:AWyW+Cm4QCUkLKckdCd3SO0JmSPWnh1cH2cSm6a983KicPsIlhyajyQ7UdPDDyxOKbJYff8zCHU+A7zH6slr0A== Completed in 1ms
316 timing metavuln:calculate:security-advisory:@nestjs/core:AWyW+Cm4QCUkLKckdCd3SO0JmSPWnh1cH2cSm6a983KicPsIlhyajyQ7UdPDDyxOKbJYff8zCHU+A7zH6slr0A== Completed in 31ms
317 timing metavuln:cache:get:security-advisory:@nestjs/platform-express:ojMFsKN7QY4nyu0CM1GrIsudkY5D56MxaFCmLPM8E+QqaBFBgq1EjzbDGOAy3ZatTW7YpS2fjuRexaui83E37A== Completed in 31ms
318 timing metavuln:load:security-advisory:@nestjs/platform-express:AWyW+Cm4QCUkLKckdCd3SO0JmSPWnh1cH2cSm6a983KicPsIlhyajyQ7UdPDDyxOKbJYff8zCHU+A7zH6slr0A== Completed in 0ms
319 timing metavuln:calculate:security-advisory:@nestjs/platform-express:AWyW+Cm4QCUkLKckdCd3SO0JmSPWnh1cH2cSm6a983KicPsIlhyajyQ7UdPDDyxOKbJYff8zCHU+A7zH6slr0A== Completed in 32ms
320 timing metavuln:cache:get:security-advisory:@nestjs/testing:R7Uz3N3CqF+B+KCvEmIj7ZTsgwGOpGE36QSNInt6/nczRQr1712sofTTiA1qVUfKMw0X+pc9yFd4Don49Hceow== Completed in 33ms
321 timing metavuln:load:security-advisory:@nestjs/testing:AWyW+Cm4QCUkLKckdCd3SO0JmSPWnh1cH2cSm6a983KicPsIlhyajyQ7UdPDDyxOKbJYff8zCHU+A7zH6slr0A== Completed in 1ms
322 timing metavuln:calculate:security-advisory:@nestjs/testing:AWyW+Cm4QCUkLKckdCd3SO0JmSPWnh1cH2cSm6a983KicPsIlhyajyQ7UdPDDyxOKbJYff8zCHU+A7zH6slr0A== Completed in 34ms
323 timing metavuln:cache:get:security-advisory:inquirer:HN4NaLf4S7xjHa4DT83SJDaHp4dj8RdcaUu0UXvAKpGvirnfBkE66fHTOvvdspq7TfuHW37G2wTwnoIZOaEKtA== Completed in 9ms
324 http fetch GET 200 https://registry.npmjs.org/inquirer 16ms (cache hit)
325 timing metavuln:packument:inquirer Completed in 19ms
326 timing metavuln:load:security-advisory:inquirer:k9jGBqGlXNzQD16YS/NO+Rl/kfJ7ivT68PW+spukdOc38S6eMTlvffh3/WPMyZJX/oetO8NfeKfnv4A/FbjuQA== Completed in 0ms
327 timing metavuln:calculate:security-advisory:inquirer:k9jGBqGlXNzQD16YS/NO+Rl/kfJ7ivT68PW+spukdOc38S6eMTlvffh3/WPMyZJX/oetO8NfeKfnv4A/FbjuQA== Completed in 20ms
328 timing metavuln:cache:get:security-advisory:@nestjs/cli:iAcfis5PHvA5nW+Mth+CJ9yBmNdpYpiwKQqjTMX3w86gVAwdogQclkl1HfCIJ+ElC8C/4V00E+OBSS3opDsHjw== Completed in 7ms
329 timing metavuln:load:security-advisory:@nestjs/cli:pk9FoblU0Zvzo445j6MhrqMYm0s8G0DBJUdtvHm729V1Qt87E8ApT8/XwKlAET+vd7ds401XkYpAY/551C4SIw== Completed in 1ms
330 timing metavuln:calculate:security-advisory:@nestjs/cli:pk9FoblU0Zvzo445j6MhrqMYm0s8G0DBJUdtvHm729V1Qt87E8ApT8/XwKlAET+vd7ds401XkYpAY/551C4SIw== Completed in 8ms
331 timing metavuln:cache:get:security-advisory:@nestjs/cli:sHzVhTH1k7Ze3zcFnAOAfR/k2G3FCB+rm2+oNWxOiPq3Tx7Z9HQx2pMaeTnnI0yXSGWCWLrX7RYL5cRDO0yq8A== Completed in 6ms
332 timing metavuln:load:security-advisory:@nestjs/cli:+AZxxbPaavrpEZUtPN2DwQUbkBs0WuKPTVD9GAWPs56gqx9W1qeQhFXDcc6NuY35V5fMAnfr9NS8jtkGuOSMnQ== Completed in 1ms
333 timing metavuln:calculate:security-advisory:@nestjs/cli:+AZxxbPaavrpEZUtPN2DwQUbkBs0WuKPTVD9GAWPs56gqx9W1qeQhFXDcc6NuY35V5fMAnfr9NS8jtkGuOSMnQ== Completed in 7ms
334 timing metavuln:cache:get:security-advisory:@angular-devkit/schematics-cli:/QS9p1Qdpt7ug06oK3H++Mekx5enf5W8YPTwzn3SZAaRGFqHyo7TQYmW/f5V++pEl0SBMijvKLOyrJCAm603bw== Completed in 7ms
335 timing metavuln:load:security-advisory:@angular-devkit/schematics-cli:+AZxxbPaavrpEZUtPN2DwQUbkBs0WuKPTVD9GAWPs56gqx9W1qeQhFXDcc6NuY35V5fMAnfr9NS8jtkGuOSMnQ== Completed in 5ms
336 timing metavuln:calculate:security-advisory:@angular-devkit/schematics-cli:+AZxxbPaavrpEZUtPN2DwQUbkBs0WuKPTVD9GAWPs56gqx9W1qeQhFXDcc6NuY35V5fMAnfr9NS8jtkGuOSMnQ== Completed in 12ms
337 timing metavuln:cache:get:security-advisory:@nestjs/schematics:dJGw+HzWNC8xJKTZRrskmNp2kBdoWpOWKaTrB4j0x/slhYs83Ma3zyWpxppNxGug6KPaLZk8MaCeFKk2g5L7xA== Completed in 12ms
338 timing metavuln:load:security-advisory:@nestjs/schematics:+AZxxbPaavrpEZUtPN2DwQUbkBs0WuKPTVD9GAWPs56gqx9W1qeQhFXDcc6NuY35V5fMAnfr9NS8jtkGuOSMnQ== Completed in 0ms
339 timing metavuln:calculate:security-advisory:@nestjs/schematics:+AZxxbPaavrpEZUtPN2DwQUbkBs0WuKPTVD9GAWPs56gqx9W1qeQhFXDcc6NuY35V5fMAnfr9NS8jtkGuOSMnQ== Completed in 12ms
340 timing metavuln:cache:get:security-advisory:@nestjs/cli:a7IOjNyCRYdctSOWyNBjvJTsba3Pa1sF7krEnqv3/PKDH2s14wlFgoE31sy8uhs7cbPz2k3AncCawannwd2LGQ== Completed in 2ms
341 timing metavuln:load:security-advisory:@nestjs/cli:QtRhRYPkxaVkEz4LmvntgVxG40yD4w8S9Hl76JxQYefn7/SUnrr6MhCjQn+axuL43GmCYoZC70k9dmN0ddqTYg== Completed in 1ms
342 timing metavuln:calculate:security-advisory:@nestjs/cli:QtRhRYPkxaVkEz4LmvntgVxG40yD4w8S9Hl76JxQYefn7/SUnrr6MhCjQn+axuL43GmCYoZC70k9dmN0ddqTYg== Completed in 3ms
343 timing metavuln:cache:get:security-advisory:@nestjs/cli:/eFDA+Fd+fWbfEXe80dnK8Xc5Kru7Xmv5aUbHixuZJNIMvSkWwyCpyylgTvYznrQxukmNLhidapG6sKo4VrLag== Completed in 3ms
344 timing metavuln:load:security-advisory:@nestjs/cli:HN4NaLf4S7xjHa4DT83SJDaHp4dj8RdcaUu0UXvAKpGvirnfBkE66fHTOvvdspq7TfuHW37G2wTwnoIZOaEKtA== Completed in 1ms
345 timing metavuln:calculate:security-advisory:@nestjs/cli:HN4NaLf4S7xjHa4DT83SJDaHp4dj8RdcaUu0UXvAKpGvirnfBkE66fHTOvvdspq7TfuHW37G2wTwnoIZOaEKtA== Completed in 4ms
346 timing metavuln:cache:get:security-advisory:@angular-devkit/schematics-cli:XABooMNkGd0rJoWeS5HjMEXkPny6ip1FoMRqvZDG4sJ8/7VimdcOZIoStqBfag41En3Milpoi4E792VeV39WuQ== Completed in 4ms
347 timing metavuln:load:security-advisory:@angular-devkit/schematics-cli:HN4NaLf4S7xjHa4DT83SJDaHp4dj8RdcaUu0UXvAKpGvirnfBkE66fHTOvvdspq7TfuHW37G2wTwnoIZOaEKtA== Completed in 6ms
348 timing metavuln:calculate:security-advisory:@angular-devkit/schematics-cli:HN4NaLf4S7xjHa4DT83SJDaHp4dj8RdcaUu0UXvAKpGvirnfBkE66fHTOvvdspq7TfuHW37G2wTwnoIZOaEKtA== Completed in 10ms
349 timing auditReport:init Completed in 6280ms
350 timing reify:audit Completed in 6746ms
351 http fetch GET 200 https://registry.npmjs.org/prisma/-/prisma-5.22.0.tgz 6767ms (cache miss)
352 timing reifyNode:node_modules/prisma Completed in 6794ms
353 http fetch GET 200 https://registry.npmjs.org/@prisma/client/-/client-5.22.0.tgz 13091ms (cache miss)
354 timing reifyNode:node_modules/@prisma/client Completed in 13110ms
355 timing reify:unpack Completed in 13110ms
356 timing reify:unretire Completed in 4ms
357 timing build:queue Completed in 8ms
358 info run prisma@5.22.0 preinstall node_modules/prisma node scripts/preinstall-entry.js
359 info run prisma@5.22.0 preinstall { code: 0, signal: null }
360 timing build:run:preinstall:node_modules/prisma Completed in 324ms
361 timing build:run:preinstall Completed in 324ms
362 timing build:link:node_modules/prisma Completed in 7ms
363 timing build:link Completed in 7ms
364 info run @prisma/client@5.22.0 postinstall node_modules/@prisma/client node scripts/postinstall.js
365 info run @prisma/engines@5.22.0 postinstall node_modules/@prisma/engines node scripts/postinstall.js
366 info run @prisma/client@5.22.0 postinstall { code: 0, signal: null }
367 timing build:run:postinstall:node_modules/@prisma/client Completed in 48609ms
368 info run @prisma/engines@5.22.0 postinstall { code: 0, signal: null }
369 timing build:run:postinstall:node_modules/@prisma/engines Completed in 52845ms
370 timing build:run:postinstall Completed in 52849ms
371 timing build:deps Completed in 53189ms
372 timing build Completed in 53189ms
373 timing reify:build Completed in 53197ms
374 timing reify:trash Completed in 82ms
375 timing reify:save Completed in 598ms
376 timing reify Completed in 86906ms
377 silly ADD node_modules/@prisma/client
378 silly REMOVE node_modules/@types/react
379 silly REMOVE node_modules/tinyexec
380 silly REMOVE node_modules/sqlstring
381 silly REMOVE node_modules/seq-queue
382 silly REMOVE node_modules/scheduler
383 silly REMOVE node_modules/retry
384 silly REMOVE node_modules/rc9
385 silly REMOVE node_modules/pkg-types
386 silly REMOVE node_modules/perfect-debounce
387 silly REMOVE node_modules/ohash
388 silly REMOVE node_modules/nypm
389 silly REMOVE node_modules/nypm/node_modules/citty
390 silly REMOVE node_modules/node-fetch-native
391 silly REMOVE node_modules/named-placeholders
392 silly REMOVE node_modules/lru.min
393 silly REMOVE node_modules/long
394 silly REMOVE node_modules/is-property
395 silly REMOVE node_modules/graphmatch
396 silly REMOVE node_modules/grammex
397 silly REMOVE node_modules/giget
398 silly REMOVE node_modules/giget/node_modules/consola
399 silly REMOVE node_modules/generate-function
400 silly REMOVE node_modules/exsolve
401 silly REMOVE node_modules/env-paths
402 silly REMOVE node_modules/dotenv
403 silly REMOVE node_modules/denque
404 silly REMOVE node_modules/destr
405 silly REMOVE node_modules/defu
406 silly REMOVE node_modules/csstype
407 silly REMOVE node_modules/confbox
408 silly REMOVE node_modules/citty
409 silly REMOVE node_modules/citty/node_modules/consola
410 silly REMOVE node_modules/aws-ssl-profiles
411 silly REMOVE node_modules/@standard-schema/spec
412 silly REMOVE node_modules/@radix-ui/react-use-layout-effect
413 silly REMOVE node_modules/@radix-ui/react-use-effect-event
414 silly REMOVE node_modules/@radix-ui/react-use-controllable-state
415 silly REMOVE node_modules/@radix-ui/react-toggle
416 silly REMOVE node_modules/@radix-ui/react-slot
417 silly REMOVE node_modules/@radix-ui/react-primitive
418 silly REMOVE node_modules/@radix-ui/react-compose-refs
419 silly REMOVE node_modules/@radix-ui/primitive
420 silly REMOVE node_modules/@prisma/studio-core
421 silly REMOVE node_modules/@prisma/streams-local
422 silly REMOVE node_modules/@prisma/query-plan-executor
423 silly CHANGE node_modules/@prisma/get-platform
424 silly REMOVE node_modules/@prisma/get-platform/node_modules/@prisma/debug
425 silly CHANGE node_modules/@prisma/fetch-engine
426 silly REMOVE node_modules/@prisma/fetch-engine/node_modules/@prisma/get-platform
427 silly CHANGE node_modules/@prisma/engines-version
428 silly CHANGE node_modules/@prisma/engines
429 silly REMOVE node_modules/@prisma/engines/node_modules/@prisma/get-platform
430 silly REMOVE node_modules/@prisma/dev
431 silly CHANGE node_modules/@prisma/debug
432 silly REMOVE node_modules/@prisma/config
433 silly REMOVE node_modules/@kurkle/color
434 silly REMOVE node_modules/@hono/node-server
435 silly REMOVE node_modules/@electric-sql/pglite-tools
436 silly REMOVE node_modules/@electric-sql/pglite-socket
437 silly REMOVE node_modules/@electric-sql/pglite
438 silly REMOVE node_modules/zeptomatch
439 silly REMOVE node_modules/valibot
440 silly REMOVE node_modules/std-env
441 silly REMOVE node_modules/remeda
442 silly REMOVE node_modules/react-dom
443 silly REMOVE node_modules/react
444 silly REMOVE node_modules/proper-lockfile
445 silly REMOVE node_modules/proper-lockfile/node_modules/signal-exit
446 silly CHANGE node_modules/prisma
447 silly REMOVE node_modules/postgres
448 silly REMOVE node_modules/pathe
449 silly REMOVE node_modules/mysql2
450 silly REMOVE node_modules/mysql2/node_modules/iconv-lite
451 silly REMOVE node_modules/jiti
452 silly REMOVE node_modules/http-status-codes
453 silly REMOVE node_modules/hono
454 silly REMOVE node_modules/get-port-please
455 silly REMOVE node_modules/fast-check
456 silly REMOVE node_modules/empathic
457 silly REMOVE node_modules/effect
458 silly REMOVE node_modules/deepmerge-ts
459 silly REMOVE node_modules/chart.js
460 silly REMOVE node_modules/c12
461 silly REMOVE node_modules/c12/node_modules/readdirp
462 silly REMOVE node_modules/c12/node_modules/chokidar
463 silly REMOVE node_modules/better-result
464 timing command:install Completed in 87053ms
465 verbose exit 0
466 timing npm Completed in 87472ms
467 info ok
