0 verbose cli /usr/local/bin/node /usr/local/lib/node_modules/npm/bin/npm-cli.js
1 info using npm@10.2.4
2 info using node@v21.6.1
3 timing npm:load:whichnode Completed in 2ms
4 timing config:load:defaults Completed in 2ms
5 timing config:load:file:/usr/local/lib/node_modules/npm/npmrc Completed in 2ms
6 timing config:load:builtin Completed in 3ms
7 timing config:load:cli Completed in 2ms
8 timing config:load:env Completed in 0ms
9 timing config:load:file:/Users/mr.akpini/Desktop/urban-kicks/backend/.npmrc Completed in 2ms
10 timing config:load:project Completed in 5ms
11 timing config:load:file:/Users/mr.akpini/.npmrc Completed in 0ms
12 timing config:load:user Completed in 0ms
13 timing config:load:file:/usr/local/etc/npmrc Completed in 0ms
14 timing config:load:global Completed in 0ms
15 timing config:load:setEnvs Completed in 0ms
16 timing config:load Completed in 13ms
17 timing npm:load:configload Completed in 13ms
18 timing config:load:flatten Completed in 3ms
19 timing npm:load:mkdirpcache Completed in 1ms
20 timing npm:load:mkdirplogs Completed in 0ms
21 verbose title npm exec prisma db push
22 verbose argv "exec" "--" "prisma" "db" "push"
23 timing npm:load:setTitle Completed in 34ms
24 timing npm:load:display Completed in 2ms
25 verbose logfile logs-max:10 dir:/Users/mr.akpini/Desktop/urban-kicks/.npm-cache/_logs/2026-04-08T15_27_45_343Z-
26 verbose logfile /Users/mr.akpini/Desktop/urban-kicks/.npm-cache/_logs/2026-04-08T15_27_45_343Z-debug-0.log
27 timing npm:load:logFile Completed in 14ms
28 timing npm:load:timers Completed in 0ms
29 timing npm:load:configScope Completed in 0ms
30 timing npm:load Completed in 90ms
31 silly logfile done cleaning log files
32 timing arborist:ctor Completed in 1ms
33 verbose shrinkwrap failed to load node_modules/.package-lock.json out of date, updated: node_modules
34 http fetch GET 200 https://registry.npmjs.org/prisma 712ms (cache revalidated)
35 timing arborist:ctor Completed in 0ms
36 timing arborist:ctor Completed in 0ms
37 timing arborist:ctor Completed in 1ms
38 timing idealTree:init Completed in 5ms
39 timing idealTree:userRequests Completed in 2ms
40 silly idealTree buildDeps
41 silly fetch manifest prisma@7.7.0
42 http fetch GET 200 https://registry.npmjs.org/prisma 67ms (cache hit)
43 silly fetch manifest better-sqlite3@>=9.0.0
44 http fetch GET 200 https://registry.npmjs.org/better-sqlite3 15ms (cache hit)
45 silly fetch manifest typescript@>=5.4.0
46 http fetch GET 200 https://registry.npmjs.org/typescript 25ms (cache hit)
47 silly placeDep ROOT prisma@7.7.0 OK for:  want: 7.7.0
48 silly fetch manifest mysql2@3.15.3
49 silly fetch manifest postgres@3.4.7
50 silly fetch manifest @prisma/dev@0.24.3
51 silly fetch manifest @prisma/config@7.7.0
52 silly fetch manifest @prisma/engines@7.7.0
53 silly fetch manifest @prisma/studio-core@0.27.3
54 http fetch GET 200 https://registry.npmjs.org/postgres 53ms (cache hit)
55 http fetch GET 200 https://registry.npmjs.org/mysql2 55ms (cache hit)
56 http fetch GET 200 https://registry.npmjs.org/@prisma%2fconfig 61ms (cache hit)
57 http fetch GET 200 https://registry.npmjs.org/@prisma%2fdev 76ms (cache hit)
58 http fetch GET 200 https://registry.npmjs.org/@prisma%2fstudio-core 89ms (cache hit)
59 http fetch GET 200 https://registry.npmjs.org/@prisma%2fengines 135ms (cache hit)
60 timing idealTree:#root Completed in 690ms
61 silly fetch manifest @types/react@^18.0.0 || ^19.0.0
62 http fetch GET 200 https://registry.npmjs.org/@types%2freact 172ms (cache revalidated)
63 silly fetch manifest react@^18.0.0 || ^19.0.0
64 http fetch GET 200 https://registry.npmjs.org/react 812ms (cache revalidated)
65 silly fetch manifest react-dom@^18.0.0 || ^19.0.0
66 http fetch GET 200 https://registry.npmjs.org/react-dom 102ms (cache revalidated)
67 silly placeDep ROOT @prisma/config@7.7.0 OK for: prisma@7.7.0 want: 7.7.0
68 silly fetch manifest c12@3.1.0
69 silly fetch manifest deepmerge-ts@7.1.5
70 silly fetch manifest effect@3.20.0
71 silly fetch manifest empathic@2.0.0
72 silly placeDep ROOT @prisma/dev@0.24.3 OK for: prisma@7.7.0 want: 0.24.3
73 silly fetch manifest hono@^4.12.8
74 silly fetch manifest pathe@2.0.3
75 silly fetch manifest remeda@2.33.4
76 silly fetch manifest std-env@3.10.0
77 silly fetch manifest valibot@1.2.0
78 silly fetch manifest zeptomatch@2.1.0
79 silly fetch manifest get-port-please@3.2.0
80 silly fetch manifest proper-lockfile@4.1.2
81 silly fetch manifest foreground-child@3.3.1
82 silly fetch manifest @hono/node-server@1.19.11
83 silly fetch manifest http-status-codes@2.3.0
84 silly fetch manifest @electric-sql/pglite@0.4.1
85 silly fetch manifest @prisma/get-platform@7.2.0
86 silly fetch manifest @prisma/streams-local@0.1.2
87 silly fetch manifest @electric-sql/pglite-tools@0.3.1
88 silly fetch manifest @electric-sql/pglite-socket@0.1.1
89 silly fetch manifest @prisma/query-plan-executor@7.2.0
90 silly placeDep ROOT @prisma/engines@7.7.0 OK for: prisma@7.7.0 want: 7.7.0
91 silly fetch manifest @prisma/engines-version@7.6.0-1.75cbdc1eb7150937890ad5465d861175c6624711
92 silly fetch manifest @prisma/debug@7.7.0
93 silly fetch manifest @prisma/fetch-engine@7.7.0
94 silly fetch manifest @prisma/get-platform@7.7.0
95 silly placeDep ROOT @prisma/studio-core@0.27.3 OK for: prisma@7.7.0 want: 0.27.3
96 silly placeDep ROOT @types/react@19.2.14 OK for: @prisma/studio-core@0.27.3 want: ^18.0.0 || ^19.0.0
97 silly placeDep ROOT react@19.2.4 OK for: @prisma/studio-core@0.27.3 want: ^18.0.0 || ^19.0.0
98 silly placeDep ROOT react-dom@19.2.4 OK for: @prisma/studio-core@0.27.3 want: ^18.0.0 || ^19.0.0
99 silly fetch manifest @radix-ui/react-toggle@1.1.10
100 silly fetch manifest chart.js@4.5.1
101 silly fetch manifest scheduler@^0.27.0
102 silly fetch manifest csstype@^3.2.2
103 silly placeDep ROOT mysql2@3.15.3 OK for: prisma@7.7.0 want: 3.15.3
104 silly fetch manifest long@^5.2.1
105 silly fetch manifest denque@^2.1.0
106 silly fetch manifest lru.min@^1.0.0
107 silly fetch manifest seq-queue@^0.0.5
108 silly fetch manifest sqlstring@^2.3.2
109 silly fetch manifest iconv-lite@^0.7.0
110 silly fetch manifest aws-ssl-profiles@^1.1.1
111 silly fetch manifest generate-function@^2.3.1
112 silly fetch manifest named-placeholders@^1.1.3
113 silly placeDep ROOT postgres@3.4.7 OK for: prisma@7.7.0 want: 3.4.7
114 http fetch GET 200 https://registry.npmjs.org/empathic 88ms (cache hit)
115 http fetch GET 200 https://registry.npmjs.org/pathe 88ms (cache hit)
116 http fetch GET 200 https://registry.npmjs.org/effect 93ms (cache hit)
117 http fetch GET 200 https://registry.npmjs.org/c12 125ms (cache hit)
118 http fetch GET 200 https://registry.npmjs.org/@electric-sql%2fpglite 124ms (cache hit)
119 http fetch GET 200 https://registry.npmjs.org/get-port-please 133ms (cache hit)
120 http fetch GET 200 https://registry.npmjs.org/remeda 136ms (cache hit)
121 http fetch GET 200 https://registry.npmjs.org/hono 149ms (cache hit)
122 http fetch GET 200 https://registry.npmjs.org/@prisma%2fstreams-local 156ms (cache hit)
123 http fetch GET 200 https://registry.npmjs.org/proper-lockfile 157ms (cache hit)
124 http fetch GET 200 https://registry.npmjs.org/deepmerge-ts 161ms (cache hit)
125 http fetch GET 200 https://registry.npmjs.org/valibot 162ms (cache hit)
126 http fetch GET 200 https://registry.npmjs.org/std-env 163ms (cache hit)
127 http fetch GET 200 https://registry.npmjs.org/@electric-sql%2fpglite-socket 158ms (cache hit)
128 http fetch GET 200 https://registry.npmjs.org/http-status-codes 163ms (cache hit)
129 http fetch GET 200 https://registry.npmjs.org/lru.min 150ms (cache hit)
130 http fetch GET 200 https://registry.npmjs.org/@radix-ui%2freact-toggle 154ms (cache hit)
131 http fetch GET 200 https://registry.npmjs.org/@prisma%2fget-platform 203ms (cache hit)
132 http fetch GET 200 https://registry.npmjs.org/@prisma%2fget-platform 359ms (cache hit)
133 http fetch GET 200 https://registry.npmjs.org/seq-queue 467ms (cache hit)
134 http fetch GET 200 https://registry.npmjs.org/zeptomatch 484ms (cache hit)
135 http fetch GET 200 https://registry.npmjs.org/@electric-sql%2fpglite-tools 479ms (cache hit)
136 http fetch GET 200 https://registry.npmjs.org/chart.js 473ms (cache hit)
137 http fetch GET 200 https://registry.npmjs.org/aws-ssl-profiles 474ms (cache hit)
138 http fetch GET 200 https://registry.npmjs.org/sqlstring 474ms (cache hit)
139 http fetch GET 200 https://registry.npmjs.org/@prisma%2ffetch-engine 548ms (cache hit)
140 http fetch GET 200 https://registry.npmjs.org/@prisma%2fquery-plan-executor 726ms (cache hit)
141 http fetch GET 200 https://registry.npmjs.org/@prisma%2fengines-version 740ms (cache hit)
142 http fetch GET 200 https://registry.npmjs.org/@prisma%2fdebug 790ms (cache hit)
143 http fetch GET 200 https://registry.npmjs.org/generate-function 869ms (cache hit)
144 http fetch GET 200 https://registry.npmjs.org/denque 871ms (cache hit)
145 http fetch GET 200 https://registry.npmjs.org/long 883ms (cache hit)
146 http fetch GET 200 https://registry.npmjs.org/@hono%2fnode-server 898ms (cache hit)
147 http fetch GET 200 https://registry.npmjs.org/named-placeholders 883ms (cache hit)
148 http fetch GET 200 https://registry.npmjs.org/foreground-child 911ms (cache revalidated)
149 http fetch GET 200 https://registry.npmjs.org/iconv-lite 1417ms (cache revalidated)
150 http fetch GET 200 https://registry.npmjs.org/scheduler 1427ms (cache revalidated)
151 http fetch GET 200 https://registry.npmjs.org/csstype 1818ms (cache revalidated)
152 timing idealTree:node_modules/prisma Completed in 2971ms
153 silly fetch manifest magicast@^0.3.5
154 http fetch GET 200 https://registry.npmjs.org/magicast 11ms (cache hit)
155 silly placeDep ROOT c12@3.1.0 OK for: @prisma/config@7.7.0 want: 3.1.0
156 silly fetch manifest rc9@^2.1.2
157 silly fetch manifest defu@^6.1.4
158 silly fetch manifest jiti@^2.4.2
159 silly fetch manifest giget@^2.0.0
160 silly fetch manifest ohash@^2.0.11
161 silly fetch manifest pathe@^2.0.3
162 silly fetch manifest dotenv@^16.6.1
163 silly fetch manifest confbox@^0.2.2
164 silly fetch manifest exsolve@^1.0.7
165 silly fetch manifest chokidar@^4.0.3
166 silly fetch manifest pkg-types@^2.2.0
167 silly fetch manifest perfect-debounce@^1.0.0
168 silly placeDep ROOT deepmerge-ts@7.1.5 OK for: @prisma/config@7.7.0 want: 7.1.5
169 silly placeDep ROOT effect@3.20.0 OK for: @prisma/config@7.7.0 want: 3.20.0
170 silly fetch manifest fast-check@^3.23.1
171 silly fetch manifest @standard-schema/spec@^1.0.0
172 silly placeDep ROOT empathic@2.0.0 OK for: @prisma/config@7.7.0 want: 2.0.0
173 http fetch GET 200 https://registry.npmjs.org/confbox 66ms (cache hit)
174 http fetch GET 200 https://registry.npmjs.org/defu 70ms (cache hit)
175 http fetch GET 200 https://registry.npmjs.org/rc9 73ms (cache hit)
176 http fetch GET 200 https://registry.npmjs.org/ohash 74ms (cache hit)
177 http fetch GET 200 https://registry.npmjs.org/giget 76ms (cache hit)
178 http fetch GET 200 https://registry.npmjs.org/dotenv 76ms (cache hit)
179 http fetch GET 200 https://registry.npmjs.org/perfect-debounce 77ms (cache hit)
180 http fetch GET 200 https://registry.npmjs.org/fast-check 76ms (cache hit)
181 http fetch GET 200 https://registry.npmjs.org/exsolve 88ms (cache hit)
182 http fetch GET 200 https://registry.npmjs.org/pkg-types 88ms (cache hit)
183 http fetch GET 200 https://registry.npmjs.org/chokidar 91ms (cache hit)
184 http fetch GET 200 https://registry.npmjs.org/@standard-schema%2fspec 94ms (cache hit)
185 http fetch GET 200 https://registry.npmjs.org/jiti 372ms (cache revalidated)
186 timing idealTree:node_modules/@prisma/config Completed in 393ms
187 silly fetch manifest typescript@>=5
188 silly placeDep ROOT @electric-sql/pglite@0.4.1 OK for: @prisma/dev@0.24.3 want: 0.4.1
189 silly placeDep ROOT @electric-sql/pglite-socket@0.1.1 OK for: @prisma/dev@0.24.3 want: 0.1.1
190 silly placeDep ROOT @electric-sql/pglite-tools@0.3.1 OK for: @prisma/dev@0.24.3 want: 0.3.1
191 silly placeDep ROOT @hono/node-server@1.19.11 OK for: @prisma/dev@0.24.3 want: 1.19.11
192 silly placeDep ROOT hono@4.12.12 OK for: @hono/node-server@1.19.11 want: ^4
193 silly placeDep ROOT @prisma/get-platform@7.2.0 OK for: @prisma/dev@0.24.3 want: 7.2.0
194 silly fetch manifest @prisma/debug@7.2.0
195 silly placeDep ROOT @prisma/query-plan-executor@7.2.0 OK for: @prisma/dev@0.24.3 want: 7.2.0
196 silly placeDep ROOT @prisma/streams-local@0.1.2 OK for: @prisma/dev@0.24.3 want: 0.1.2
197 silly fetch manifest ajv@^8.12.0
198 silly fetch manifest env-paths@^3.0.0
199 silly fetch manifest better-result@^2.7.0
200 silly fetch manifest proper-lockfile@^4.1.2
201 silly placeDep ROOT foreground-child@3.3.1 OK for: @prisma/dev@0.24.3 want: 3.3.1
202 silly fetch manifest cross-spawn@^7.0.6
203 silly fetch manifest signal-exit@^4.0.1
204 silly placeDep ROOT get-port-please@3.2.0 OK for: @prisma/dev@0.24.3 want: 3.2.0
205 silly placeDep ROOT http-status-codes@2.3.0 OK for: @prisma/dev@0.24.3 want: 2.3.0
206 silly placeDep ROOT pathe@2.0.3 OK for: @prisma/dev@0.24.3 want: 2.0.3
207 silly placeDep ROOT proper-lockfile@4.1.2 OK for: @prisma/dev@0.24.3 want: 4.1.2
208 silly fetch manifest graceful-fs@^4.2.4
209 silly fetch manifest retry@^0.12.0
210 silly fetch manifest signal-exit@^3.0.2
211 silly placeDep ROOT remeda@2.33.4 OK for: @prisma/dev@0.24.3 want: 2.33.4
212 silly placeDep ROOT std-env@3.10.0 OK for: @prisma/dev@0.24.3 want: 3.10.0
213 silly placeDep ROOT valibot@1.2.0 OK for: @prisma/dev@0.24.3 want: 1.2.0
214 silly placeDep ROOT zeptomatch@2.1.0 OK for: @prisma/dev@0.24.3 want: 2.1.0
215 silly fetch manifest grammex@^3.1.11
216 silly fetch manifest graphmatch@^1.1.0
217 http fetch GET 200 https://registry.npmjs.org/better-result 75ms (cache hit)
218 http fetch GET 200 https://registry.npmjs.org/env-paths 77ms (cache hit)
219 http fetch GET 200 https://registry.npmjs.org/retry 70ms (cache hit)
220 http fetch GET 200 https://registry.npmjs.org/ajv 81ms (cache hit)
221 http fetch GET 200 https://registry.npmjs.org/grammex 83ms (cache hit)
222 http fetch GET 200 https://registry.npmjs.org/graphmatch 84ms (cache hit)
223 http fetch GET 200 https://registry.npmjs.org/graceful-fs 124ms (cache revalidated)
224 http fetch GET 200 https://registry.npmjs.org/signal-exit 383ms (cache revalidated)
225 http fetch GET 200 https://registry.npmjs.org/cross-spawn 391ms (cache revalidated)
226 http fetch GET 200 https://registry.npmjs.org/signal-exit 796ms (cache revalidated)
227 timing idealTree:node_modules/@prisma/dev Completed in 821ms
228 timing idealTree:node_modules/@electric-sql/pglite Completed in 0ms
229 timing idealTree:node_modules/@electric-sql/pglite-socket Completed in 0ms
230 timing idealTree:node_modules/@electric-sql/pglite-tools Completed in 0ms
231 timing idealTree:node_modules/@hono/node-server Completed in 0ms
232 silly placeDep ROOT @prisma/debug@7.7.0 OK for: @prisma/engines@7.7.0 want: 7.7.0
233 silly placeDep ROOT @prisma/engines-version@7.6.0-1.75cbdc1eb7150937890ad5465d861175c6624711 OK for: @prisma/engines@7.7.0 want: 7.6.0-1.75cbdc1eb7150937890ad5465d861175c6624711
234 silly placeDep ROOT @prisma/fetch-engine@7.7.0 OK for: @prisma/engines@7.7.0 want: 7.7.0
235 silly placeDep node_modules/@prisma/engines @prisma/get-platform@7.7.0 OK for: @prisma/engines@7.7.0 want: 7.7.0
236 timing idealTree:node_modules/@prisma/engines Completed in 5ms
237 timing idealTree:node_modules/@prisma/debug Completed in 0ms
238 timing idealTree:node_modules/@prisma/engines-version Completed in 0ms
239 silly placeDep node_modules/@prisma/fetch-engine @prisma/get-platform@7.7.0 OK for: @prisma/fetch-engine@7.7.0 want: 7.7.0
240 timing idealTree:node_modules/@prisma/fetch-engine Completed in 2ms
241 silly placeDep node_modules/@prisma/get-platform @prisma/debug@7.2.0 OK for: @prisma/get-platform@7.2.0 want: 7.2.0
242 timing idealTree:node_modules/@prisma/get-platform Completed in 1ms
243 timing idealTree:node_modules/@prisma/query-plan-executor Completed in 0ms
244 silly placeDep ROOT ajv@8.18.0 OK for: @prisma/streams-local@0.1.2 want: ^8.12.0
245 silly fetch manifest fast-uri@^3.0.1
246 silly fetch manifest fast-deep-equal@^3.1.3
247 silly fetch manifest require-from-string@^2.0.2
248 silly fetch manifest json-schema-traverse@^1.0.0
249 silly placeDep ROOT better-result@2.8.1 OK for: @prisma/streams-local@0.1.2 want: ^2.7.0
250 silly placeDep ROOT env-paths@3.0.0 OK for: @prisma/streams-local@0.1.2 want: ^3.0.0
251 http fetch GET 200 https://registry.npmjs.org/fast-deep-equal 68ms (cache revalidated)
252 http fetch GET 200 https://registry.npmjs.org/require-from-string 303ms (cache revalidated)
253 http fetch GET 200 https://registry.npmjs.org/fast-uri 327ms (cache miss)
254 http fetch GET 200 https://registry.npmjs.org/json-schema-traverse 356ms (cache revalidated)
255 timing idealTree:node_modules/@prisma/streams-local Completed in 359ms
256 silly fetch manifest @types/react-dom@*
257 http fetch GET 200 https://registry.npmjs.org/@types%2freact-dom 464ms (cache revalidated)
258 silly placeDep ROOT @radix-ui/react-toggle@1.1.10 OK for: @prisma/studio-core@0.27.3 want: 1.1.10
259 silly fetch manifest @radix-ui/primitive@1.1.3
260 silly fetch manifest @radix-ui/react-primitive@2.1.3
261 silly fetch manifest @radix-ui/react-use-controllable-state@1.2.2
262 silly placeDep ROOT chart.js@4.5.1 OK for: @prisma/studio-core@0.27.3 want: 4.5.1
263 silly fetch manifest @kurkle/color@^0.3.0
264 http fetch GET 200 https://registry.npmjs.org/@kurkle%2fcolor 7ms (cache hit)
265 http fetch GET 200 https://registry.npmjs.org/@radix-ui%2freact-use-controllable-state 10ms (cache hit)
266 http fetch GET 200 https://registry.npmjs.org/@radix-ui%2fprimitive 13ms (cache hit)
267 http fetch GET 200 https://registry.npmjs.org/@radix-ui%2freact-primitive 14ms (cache hit)
268 timing idealTree:node_modules/@prisma/studio-core Completed in 489ms
269 silly fetch manifest @types/react@*
270 silly fetch manifest react@^16.8 || ^17.0 || ^18.0 || ^19.0 || ^19.0.0-rc
271 silly fetch manifest react-dom@^16.8 || ^17.0 || ^18.0 || ^19.0 || ^19.0.0-rc
272 silly placeDep ROOT @radix-ui/primitive@1.1.3 OK for: @radix-ui/react-toggle@1.1.10 want: 1.1.3
273 silly placeDep ROOT @radix-ui/react-primitive@2.1.3 OK for: @radix-ui/react-toggle@1.1.10 want: 2.1.3
274 silly fetch manifest @radix-ui/react-slot@1.2.3
275 silly placeDep ROOT @radix-ui/react-use-controllable-state@1.2.2 OK for: @radix-ui/react-toggle@1.1.10 want: 1.2.2
276 silly fetch manifest @radix-ui/react-use-effect-event@0.0.2
277 silly fetch manifest @radix-ui/react-use-layout-effect@1.1.1
278 http fetch GET 200 https://registry.npmjs.org/@radix-ui%2freact-use-layout-effect 10ms (cache hit)
279 http fetch GET 200 https://registry.npmjs.org/@radix-ui%2freact-use-effect-event 12ms (cache hit)
280 http fetch GET 200 https://registry.npmjs.org/@radix-ui%2freact-slot 16ms (cache hit)
281 timing idealTree:node_modules/@radix-ui/react-toggle Completed in 28ms
282 timing idealTree:node_modules/@radix-ui/primitive Completed in 0ms
283 silly placeDep ROOT @radix-ui/react-slot@1.2.3 OK for: @radix-ui/react-primitive@2.1.3 want: 1.2.3
284 silly fetch manifest @radix-ui/react-compose-refs@1.1.2
285 http fetch GET 200 https://registry.npmjs.org/@radix-ui%2freact-compose-refs 4ms (cache hit)
286 timing idealTree:node_modules/@radix-ui/react-primitive Completed in 9ms
287 silly placeDep ROOT @radix-ui/react-compose-refs@1.1.2 OK for: @radix-ui/react-slot@1.2.3 want: 1.1.2
288 timing idealTree:node_modules/@radix-ui/react-slot Completed in 5ms
289 timing idealTree:node_modules/@radix-ui/react-compose-refs Completed in 0ms
290 silly placeDep ROOT @radix-ui/react-use-effect-event@0.0.2 OK for: @radix-ui/react-use-controllable-state@1.2.2 want: 0.0.2
291 silly placeDep ROOT @radix-ui/react-use-layout-effect@1.1.1 OK for: @radix-ui/react-use-controllable-state@1.2.2 want: 1.1.1
292 timing idealTree:node_modules/@radix-ui/react-use-controllable-state Completed in 7ms
293 timing idealTree:node_modules/@radix-ui/react-use-effect-event Completed in 0ms
294 timing idealTree:node_modules/@radix-ui/react-use-layout-effect Completed in 0ms
295 silly placeDep ROOT csstype@3.2.3 OK for: @types/react@19.2.14 want: ^3.2.2
296 timing idealTree:node_modules/@types/react Completed in 1ms
297 silly placeDep ROOT fast-deep-equal@3.1.3 OK for: ajv@8.18.0 want: ^3.1.3
298 silly placeDep ROOT fast-uri@3.1.0 OK for: ajv@8.18.0 want: ^3.0.1
299 silly placeDep ROOT json-schema-traverse@1.0.0 OK for: ajv@8.18.0 want: ^1.0.0
300 silly placeDep ROOT require-from-string@2.0.2 OK for: ajv@8.18.0 want: ^2.0.2
301 timing idealTree:node_modules/ajv Completed in 5ms
302 timing idealTree:node_modules/better-result Completed in 0ms
303 silly placeDep ROOT chokidar@4.0.3 OK for: c12@3.1.0 want: ^4.0.3
304 silly fetch manifest readdirp@^4.0.1
305 silly placeDep ROOT confbox@0.2.4 OK for: c12@3.1.0 want: ^0.2.2
306 silly placeDep ROOT defu@6.1.7 OK for: c12@3.1.0 want: ^6.1.4
307 silly placeDep ROOT dotenv@16.6.1 OK for: c12@3.1.0 want: ^16.6.1
308 silly placeDep ROOT exsolve@1.0.8 OK for: c12@3.1.0 want: ^1.0.7
309 silly placeDep ROOT giget@2.0.0 OK for: c12@3.1.0 want: ^2.0.0
310 silly fetch manifest nypm@^0.6.0
311 silly fetch manifest citty@^0.1.6
312 silly fetch manifest consola@^3.4.0
313 silly fetch manifest node-fetch-native@^1.6.6
314 silly placeDep ROOT jiti@2.6.1 OK for: c12@3.1.0 want: ^2.4.2
315 silly placeDep ROOT ohash@2.0.11 OK for: c12@3.1.0 want: ^2.0.11
316 silly placeDep ROOT perfect-debounce@1.0.0 OK for: c12@3.1.0 want: ^1.0.0
317 silly placeDep ROOT pkg-types@2.3.0 OK for: c12@3.1.0 want: ^2.2.0
318 silly placeDep ROOT rc9@2.1.2 OK for: c12@3.1.0 want: ^2.1.2
319 silly fetch manifest destr@^2.0.3
320 http fetch GET 200 https://registry.npmjs.org/nypm 17ms (cache hit)
321 http fetch GET 200 https://registry.npmjs.org/node-fetch-native 18ms (cache hit)
322 http fetch GET 200 https://registry.npmjs.org/citty 18ms (cache hit)
323 http fetch GET 200 https://registry.npmjs.org/readdirp 23ms (cache hit)
324 http fetch GET 200 https://registry.npmjs.org/destr 16ms (cache hit)
325 http fetch GET 200 https://registry.npmjs.org/consola 165ms (cache revalidated)
326 timing idealTree:node_modules/c12 Completed in 176ms
327 silly placeDep ROOT @kurkle/color@0.3.4 OK for: chart.js@4.5.1 want: ^0.3.0
328 timing idealTree:node_modules/chart.js Completed in 1ms
329 timing idealTree:node_modules/@kurkle/color Completed in 0ms
330 silly placeDep ROOT readdirp@4.1.2 OK for: chokidar@4.0.3 want: ^4.0.1
331 timing idealTree:node_modules/chokidar Completed in 1ms
332 timing idealTree:node_modules/confbox Completed in 0ms
333 timing idealTree:node_modules/csstype Completed in 0ms
334 timing idealTree:node_modules/deepmerge-ts Completed in 0ms
335 timing idealTree:node_modules/defu Completed in 0ms
336 timing idealTree:node_modules/dotenv Completed in 0ms
337 silly placeDep ROOT @standard-schema/spec@1.1.0 OK for: effect@3.20.0 want: ^1.0.0
338 silly placeDep ROOT fast-check@3.23.2 OK for: effect@3.20.0 want: ^3.23.1
339 silly fetch manifest pure-rand@^6.1.0
340 http fetch GET 200 https://registry.npmjs.org/pure-rand 338ms (cache revalidated)
341 timing idealTree:node_modules/effect Completed in 342ms
342 timing idealTree:node_modules/@standard-schema/spec Completed in 0ms
343 timing idealTree:node_modules/empathic Completed in 0ms
344 timing idealTree:node_modules/env-paths Completed in 0ms
345 timing idealTree:node_modules/exsolve Completed in 0ms
346 silly placeDep ROOT pure-rand@6.1.0 OK for: fast-check@3.23.2 want: ^6.1.0
347 timing idealTree:node_modules/fast-check Completed in 2ms
348 timing idealTree:node_modules/fast-deep-equal Completed in 0ms
349 timing idealTree:node_modules/fast-uri Completed in 0ms
350 silly placeDep ROOT cross-spawn@7.0.6 OK for: foreground-child@3.3.1 want: ^7.0.6
351 silly fetch manifest which@^2.0.1
352 silly fetch manifest path-key@^3.1.0
353 silly fetch manifest shebang-command@^2.0.0
354 silly placeDep ROOT signal-exit@4.1.0 OK for: foreground-child@3.3.1 want: ^4.0.1
355 http fetch GET 200 https://registry.npmjs.org/shebang-command 315ms (cache revalidated)
356 http fetch GET 200 https://registry.npmjs.org/path-key 340ms (cache revalidated)
357 http fetch GET 200 https://registry.npmjs.org/which 348ms (cache revalidated)
358 timing idealTree:node_modules/foreground-child Completed in 350ms
359 silly placeDep ROOT path-key@3.1.1 OK for: cross-spawn@7.0.6 want: ^3.1.0
360 silly placeDep ROOT shebang-command@2.0.0 OK for: cross-spawn@7.0.6 want: ^2.0.0
361 silly fetch manifest shebang-regex@^3.0.0
362 silly placeDep ROOT which@2.0.2 OK for: cross-spawn@7.0.6 want: ^2.0.1
363 silly fetch manifest isexe@^2.0.0
364 http fetch GET 200 https://registry.npmjs.org/isexe 326ms (cache revalidated)
365 http fetch GET 200 https://registry.npmjs.org/shebang-regex 465ms (cache revalidated)
366 timing idealTree:node_modules/cross-spawn Completed in 468ms
367 timing idealTree:node_modules/get-port-please Completed in 0ms
368 silly placeDep ROOT citty@0.1.6 OK for: giget@2.0.0 want: ^0.1.6
369 silly fetch manifest consola@^3.2.3
370 silly placeDep ROOT consola@3.4.2 OK for: giget@2.0.0 want: ^3.4.0
371 silly placeDep ROOT node-fetch-native@1.6.7 OK for: giget@2.0.0 want: ^1.6.6
372 silly placeDep ROOT nypm@0.6.5 OK for: giget@2.0.0 want: ^0.6.0
373 silly fetch manifest citty@^0.2.0
374 silly fetch manifest tinyexec@^1.0.2
375 http fetch GET 200 https://registry.npmjs.org/tinyexec 4ms (cache hit)
376 timing idealTree:node_modules/giget Completed in 10ms
377 timing idealTree:node_modules/citty Completed in 0ms
378 timing idealTree:node_modules/consola Completed in 0ms
379 timing idealTree:node_modules/hono Completed in 0ms
380 timing idealTree:node_modules/http-status-codes Completed in 0ms
381 timing idealTree:node_modules/jiti Completed in 0ms
382 timing idealTree:node_modules/json-schema-traverse Completed in 0ms
383 silly placeDep ROOT aws-ssl-profiles@1.1.2 OK for: mysql2@3.15.3 want: ^1.1.1
384 silly placeDep ROOT denque@2.1.0 OK for: mysql2@3.15.3 want: ^2.1.0
385 silly placeDep ROOT generate-function@2.3.1 OK for: mysql2@3.15.3 want: ^2.3.1
386 silly fetch manifest is-property@^1.0.2
387 silly placeDep ROOT iconv-lite@0.7.2 OK for: mysql2@3.15.3 want: ^0.7.0
388 silly fetch manifest safer-buffer@>= 2.1.2 < 3.0.0
389 silly placeDep ROOT long@5.3.2 OK for: mysql2@3.15.3 want: ^5.2.1
390 silly placeDep ROOT lru.min@1.1.4 OK for: mysql2@3.15.3 want: ^1.0.0
391 silly placeDep ROOT named-placeholders@1.1.6 OK for: mysql2@3.15.3 want: ^1.1.3
392 silly placeDep ROOT seq-queue@0.0.5 OK for: mysql2@3.15.3 want: ^0.0.5
393 silly placeDep ROOT sqlstring@2.3.3 OK for: mysql2@3.15.3 want: ^2.3.2
394 http fetch GET 200 https://registry.npmjs.org/is-property 12ms (cache hit)
395 http fetch GET 200 https://registry.npmjs.org/safer-buffer 353ms (cache revalidated)
396 timing idealTree:node_modules/mysql2 Completed in 360ms
397 timing idealTree:node_modules/aws-ssl-profiles Completed in 0ms
398 timing idealTree:node_modules/denque Completed in 0ms
399 silly placeDep ROOT is-property@1.0.2 OK for: generate-function@2.3.1 want: ^1.0.2
400 timing idealTree:node_modules/generate-function Completed in 1ms
401 silly placeDep ROOT safer-buffer@2.1.2 OK for: iconv-lite@0.7.2 want: >= 2.1.2 < 3.0.0
402 timing idealTree:node_modules/iconv-lite Completed in 1ms
403 timing idealTree:node_modules/is-property Completed in 0ms
404 timing idealTree:node_modules/long Completed in 0ms
405 timing idealTree:node_modules/lru.min Completed in 0ms
406 timing idealTree:node_modules/named-placeholders Completed in 0ms
407 timing idealTree:node_modules/node-fetch-native Completed in 0ms
408 silly placeDep node_modules/nypm citty@0.2.2 OK for: nypm@0.6.5 want: ^0.2.0
409 silly placeDep ROOT tinyexec@1.1.1 OK for: nypm@0.6.5 want: ^1.0.2
410 timing idealTree:node_modules/nypm Completed in 2ms
411 timing idealTree:node_modules/ohash Completed in 0ms
412 timing idealTree:node_modules/path-key Completed in 0ms
413 timing idealTree:node_modules/pathe Completed in 0ms
414 timing idealTree:node_modules/perfect-debounce Completed in 0ms
415 timing idealTree:node_modules/pkg-types Completed in 0ms
416 timing idealTree:node_modules/postgres Completed in 0ms
417 silly placeDep ROOT graceful-fs@4.2.11 OK for: proper-lockfile@4.1.2 want: ^4.2.4
418 silly placeDep ROOT retry@0.12.0 OK for: proper-lockfile@4.1.2 want: ^0.12.0
419 silly placeDep node_modules/proper-lockfile signal-exit@3.0.7 OK for: proper-lockfile@4.1.2 want: ^3.0.2
420 timing idealTree:node_modules/proper-lockfile Completed in 4ms
421 timing idealTree:node_modules/graceful-fs Completed in 0ms
422 timing idealTree:node_modules/pure-rand Completed in 0ms
423 silly placeDep ROOT destr@2.0.5 OK for: rc9@2.1.2 want: ^2.0.3
424 timing idealTree:node_modules/rc9 Completed in 1ms
425 timing idealTree:node_modules/destr Completed in 0ms
426 timing idealTree:node_modules/react Completed in 0ms
427 silly placeDep ROOT scheduler@0.27.0 OK for: react-dom@19.2.4 want: ^0.27.0
428 timing idealTree:node_modules/react-dom Completed in 1ms
429 timing idealTree:node_modules/readdirp Completed in 0ms
430 timing idealTree:node_modules/remeda Completed in 0ms
431 timing idealTree:node_modules/require-from-string Completed in 0ms
432 timing idealTree:node_modules/retry Completed in 0ms
433 timing idealTree:node_modules/safer-buffer Completed in 0ms
434 timing idealTree:node_modules/scheduler Completed in 0ms
435 timing idealTree:node_modules/seq-queue Completed in 0ms
436 silly placeDep ROOT shebang-regex@3.0.0 OK for: shebang-command@2.0.0 want: ^3.0.0
437 timing idealTree:node_modules/shebang-command Completed in 2ms
438 timing idealTree:node_modules/shebang-regex Completed in 0ms
439 timing idealTree:node_modules/signal-exit Completed in 0ms
440 timing idealTree:node_modules/sqlstring Completed in 0ms
441 timing idealTree:node_modules/std-env Completed in 0ms
442 timing idealTree:node_modules/tinyexec Completed in 0ms
443 timing idealTree:node_modules/valibot Completed in 0ms
444 silly placeDep ROOT isexe@2.0.0 OK for: which@2.0.2 want: ^2.0.0
445 timing idealTree:node_modules/which Completed in 1ms
446 timing idealTree:node_modules/isexe Completed in 0ms
447 silly placeDep ROOT grammex@3.1.12 OK for: zeptomatch@2.1.0 want: ^3.1.11
448 silly placeDep ROOT graphmatch@1.1.1 OK for: zeptomatch@2.1.0 want: ^1.1.0
449 timing idealTree:node_modules/zeptomatch Completed in 2ms
450 timing idealTree:node_modules/grammex Completed in 1ms
451 timing idealTree:node_modules/graphmatch Completed in 0ms
452 timing idealTree:node_modules/@prisma/engines/node_modules/@prisma/get-platform Completed in 0ms
453 timing idealTree:node_modules/@prisma/fetch-engine/node_modules/@prisma/get-platform Completed in 0ms
454 timing idealTree:node_modules/@prisma/get-platform/node_modules/@prisma/debug Completed in 0ms
455 timing idealTree:node_modules/nypm/node_modules/citty Completed in 0ms
456 timing idealTree:node_modules/proper-lockfile/node_modules/signal-exit Completed in 0ms
457 timing idealTree:buildDeps Completed in 7519ms
458 timing idealTree:fixDepFlags Completed in 1ms
459 warn EBADENGINE Unsupported engine {
459 warn EBADENGINE   package: 'prisma@7.7.0',
459 warn EBADENGINE   required: { node: '^20.19 || ^22.12 || >=24.0' },
459 warn EBADENGINE   current: { node: 'v21.6.1', npm: '10.2.4' }
459 warn EBADENGINE }
460 warn EBADENGINE Unsupported engine {
460 warn EBADENGINE   package: '@prisma/studio-core@0.27.3',
460 warn EBADENGINE   required: { node: '^20.19 || ^22.12 || >=24.0', pnpm: '8' },
460 warn EBADENGINE   current: { node: 'v21.6.1', npm: '10.2.4' }
460 warn EBADENGINE }
461 warn EBADENGINE Unsupported engine {
461 warn EBADENGINE   package: '@prisma/streams-local@0.1.2',
461 warn EBADENGINE   required: { bun: '>=1.3.6', node: '>=22.0.0' },
461 warn EBADENGINE   current: { node: 'v21.6.1', npm: '10.2.4' }
461 warn EBADENGINE }
462 timing idealTree Completed in 7534ms
463 timing reify:loadTrees Completed in 7534ms
464 timing reify:diffTrees Completed in 2ms
465 silly reify moves {}
466 timing reify:retireShallow Completed in 1ms
467 timing reify:createSparse Completed in 19ms
468 timing reify:loadBundles Completed in 0ms
469 silly audit bulk request {
469 silly audit   prisma: [ '7.7.0' ],
469 silly audit   '@prisma/config': [ '7.7.0' ],
469 silly audit   '@prisma/dev': [ '0.24.3' ],
469 silly audit   '@prisma/engines': [ '7.7.0' ],
469 silly audit   '@prisma/studio-core': [ '0.27.3' ],
469 silly audit   '@types/react': [ '19.2.14' ],
469 silly audit   react: [ '19.2.4' ],
469 silly audit   'react-dom': [ '19.2.4' ],
469 silly audit   mysql2: [ '3.15.3' ],
469 silly audit   postgres: [ '3.4.7' ],
469 silly audit   c12: [ '3.1.0' ],
469 silly audit   'deepmerge-ts': [ '7.1.5' ],
469 silly audit   effect: [ '3.20.0' ],
469 silly audit   empathic: [ '2.0.0' ],
469 silly audit   '@electric-sql/pglite': [ '0.4.1' ],
469 silly audit   '@electric-sql/pglite-socket': [ '0.1.1' ],
469 silly audit   '@electric-sql/pglite-tools': [ '0.3.1' ],
469 silly audit   '@hono/node-server': [ '1.19.11' ],
469 silly audit   hono: [ '4.12.12' ],
469 silly audit   '@prisma/get-platform': [ '7.2.0', '7.7.0' ],
469 silly audit   '@prisma/query-plan-executor': [ '7.2.0' ],
469 silly audit   '@prisma/streams-local': [ '0.1.2' ],
469 silly audit   'foreground-child': [ '3.3.1' ],
469 silly audit   'get-port-please': [ '3.2.0' ],
469 silly audit   'http-status-codes': [ '2.3.0' ],
469 silly audit   pathe: [ '2.0.3' ],
469 silly audit   'proper-lockfile': [ '4.1.2' ],
469 silly audit   remeda: [ '2.33.4' ],
469 silly audit   'std-env': [ '3.10.0' ],
469 silly audit   valibot: [ '1.2.0' ],
469 silly audit   zeptomatch: [ '2.1.0' ],
469 silly audit   '@prisma/debug': [ '7.7.0', '7.2.0' ],
469 silly audit   '@prisma/engines-version': [ '7.6.0-1.75cbdc1eb7150937890ad5465d861175c6624711' ],
469 silly audit   '@prisma/fetch-engine': [ '7.7.0' ],
469 silly audit   ajv: [ '8.18.0' ],
469 silly audit   'better-result': [ '2.8.1' ],
469 silly audit   'env-paths': [ '3.0.0' ],
469 silly audit   '@radix-ui/react-toggle': [ '1.1.10' ],
469 silly audit   'chart.js': [ '4.5.1' ],
469 silly audit   '@radix-ui/primitive': [ '1.1.3' ],
469 silly audit   '@radix-ui/react-primitive': [ '2.1.3' ],
469 silly audit   '@radix-ui/react-use-controllable-state': [ '1.2.2' ],
469 silly audit   '@radix-ui/react-slot': [ '1.2.3' ],
469 silly audit   '@radix-ui/react-compose-refs': [ '1.1.2' ],
469 silly audit   '@radix-ui/react-use-effect-event': [ '0.0.2' ],
469 silly audit   '@radix-ui/react-use-layout-effect': [ '1.1.1' ],
469 silly audit   csstype: [ '3.2.3' ],
469 silly audit   'fast-deep-equal': [ '3.1.3' ],
469 silly audit   'fast-uri': [ '3.1.0' ],
469 silly audit   'json-schema-traverse': [ '1.0.0' ],
469 silly audit   'require-from-string': [ '2.0.2' ],
469 silly audit   chokidar: [ '4.0.3' ],
469 silly audit   confbox: [ '0.2.4' ],
469 silly audit   defu: [ '6.1.7' ],
469 silly audit   dotenv: [ '16.6.1' ],
469 silly audit   exsolve: [ '1.0.8' ],
469 silly audit   giget: [ '2.0.0' ],
469 silly audit   jiti: [ '2.6.1' ],
469 silly audit   ohash: [ '2.0.11' ],
469 silly audit   'perfect-debounce': [ '1.0.0' ],
469 silly audit   'pkg-types': [ '2.3.0' ],
469 silly audit   rc9: [ '2.1.2' ],
469 silly audit   '@kurkle/color': [ '0.3.4' ],
469 silly audit   readdirp: [ '4.1.2' ],
469 silly audit   '@standard-schema/spec': [ '1.1.0' ],
469 silly audit   'fast-check': [ '3.23.2' ],
469 silly audit   'pure-rand': [ '6.1.0' ],
469 silly audit   'cross-spawn': [ '7.0.6' ],
469 silly audit   'signal-exit': [ '4.1.0', '3.0.7' ],
469 silly audit   'path-key': [ '3.1.1' ],
469 silly audit   'shebang-command': [ '2.0.0' ],
469 silly audit   which: [ '2.0.2' ],
469 silly audit   citty: [ '0.1.6', '0.2.2' ],
469 silly audit   consola: [ '3.4.2' ],
469 silly audit   'node-fetch-native': [ '1.6.7' ],
469 silly audit   nypm: [ '0.6.5' ],
469 silly audit   'aws-ssl-profiles': [ '1.1.2' ],
469 silly audit   denque: [ '2.1.0' ],
469 silly audit   'generate-function': [ '2.3.1' ],
469 silly audit   'iconv-lite': [ '0.7.2' ],
469 silly audit   long: [ '5.3.2' ],
469 silly audit   'lru.min': [ '1.1.4' ],
469 silly audit   'named-placeholders': [ '1.1.6' ],
469 silly audit   'seq-queue': [ '0.0.5' ],
469 silly audit   sqlstring: [ '2.3.3' ],
469 silly audit   'is-property': [ '1.0.2' ],
469 silly audit   'safer-buffer': [ '2.1.2' ],
469 silly audit   tinyexec: [ '1.1.1' ],
469 silly audit   'graceful-fs': [ '4.2.11' ],
469 silly audit   retry: [ '0.12.0' ],
469 silly audit   destr: [ '2.0.5' ],
469 silly audit   scheduler: [ '0.27.0' ],
469 silly audit   'shebang-regex': [ '3.0.0' ],
469 silly audit   isexe: [ '2.0.0' ],
469 silly audit   grammex: [ '3.1.12' ],
469 silly audit   graphmatch: [ '1.1.1' ]
469 silly audit }
470 silly tarball no local data for fast-uri@https://registry.npmjs.org/fast-uri/-/fast-uri-3.1.0.tgz. Extracting by manifest.
471 silly tarball no local data for ajv@https://registry.npmjs.org/ajv/-/ajv-8.18.0.tgz. Extracting by manifest.
472 http fetch POST 200 https://registry.npmjs.org/-/npm/v1/security/advisories/bulk 1593ms
473 timing auditReport:getReport Completed in 1595ms
474 silly audit report {
474 silly audit report   '@hono/node-server': [
474 silly audit report     {
474 silly audit report       id: 1116247,
474 silly audit report       url: 'https://github.com/advisories/GHSA-92pp-h63x-v22m',
474 silly audit report       title: '@hono/node-server: Middleware bypass via repeated slashes in serveStatic',
474 silly audit report       severity: 'moderate',
474 silly audit report       vulnerable_versions: '<1.19.13',
474 silly audit report       cwe: [Array],
474 silly audit report       cvss: [Object]
474 silly audit report     }
474 silly audit report   ]
474 silly audit report }
475 timing metavuln:packument:@hono/node-server Completed in 1ms
476 timing reifyNode:node_modules/named-placeholders Completed in 1688ms
477 timing reifyNode:node_modules/shebang-command Completed in 1690ms
478 timing reifyNode:node_modules/require-from-string Completed in 1691ms
479 timing reifyNode:node_modules/shebang-regex Completed in 1700ms
480 timing reifyNode:node_modules/path-key Completed in 1701ms
481 timing reifyNode:node_modules/env-paths Completed in 1703ms
482 timing reifyNode:node_modules/proper-lockfile/node_modules/signal-exit Completed in 1714ms
483 timing reifyNode:node_modules/is-property Completed in 1720ms
484 timing reifyNode:node_modules/@prisma/engines-version Completed in 1725ms
485 timing reifyNode:node_modules/graceful-fs Completed in 1732ms
486 timing reifyNode:node_modules/which Completed in 1733ms
487 timing reifyNode:node_modules/generate-function Completed in 1734ms
488 timing reifyNode:node_modules/perfect-debounce Completed in 1734ms
489 timing reifyNode:node_modules/@prisma/config Completed in 1742ms
490 timing reifyNode:node_modules/sqlstring Completed in 1750ms
491 timing metavuln:cache:get:security-advisory:@hono/node-server:sfQJveGHDjfsqaR5ttIc//ZOuncQPpnTE6pqodmJHAQW6RDBJRHV/KyDIekRneJHrFVpWYu9fXl/llNwJ4PvAw== Completed in 165ms
492 timing metavuln:load:security-advisory:@hono/node-server:1116247 Completed in 3ms
493 timing metavuln:calculate:security-advisory:@hono/node-server:1116247 Completed in 170ms
494 timing metavuln:packument:@prisma/dev Completed in 0ms
495 timing reifyNode:node_modules/@radix-ui/react-use-layout-effect Completed in 1764ms
496 timing reifyNode:node_modules/pkg-types Completed in 1764ms
497 timing reifyNode:node_modules/get-port-please Completed in 1763ms
498 timing reifyNode:node_modules/graphmatch Completed in 1769ms
499 timing reifyNode:node_modules/isexe Completed in 1769ms
500 timing reifyNode:node_modules/grammex Completed in 1769ms
501 timing reifyNode:node_modules/safer-buffer Completed in 1771ms
502 timing reifyNode:node_modules/denque Completed in 1771ms
503 timing reifyNode:node_modules/@standard-schema/spec Completed in 1770ms
504 timing reifyNode:node_modules/exsolve Completed in 1771ms
505 timing reifyNode:node_modules/@radix-ui/react-compose-refs Completed in 1771ms
506 timing reifyNode:node_modules/@radix-ui/react-toggle Completed in 1771ms
507 timing reifyNode:node_modules/destr Completed in 1779ms
508 timing reifyNode:node_modules/tinyexec Completed in 1781ms
509 timing reifyNode:node_modules/rc9 Completed in 1780ms
510 timing reifyNode:node_modules/cross-spawn Completed in 1781ms
511 timing reifyNode:node_modules/better-result Completed in 1781ms
512 timing reifyNode:node_modules/std-env Completed in 1781ms
513 timing reifyNode:node_modules/@radix-ui/react-use-controllable-state Completed in 1786ms
514 timing reifyNode:node_modules/@radix-ui/primitive Completed in 1787ms
515 timing reifyNode:node_modules/proper-lockfile Completed in 1788ms
516 timing reifyNode:node_modules/@prisma/debug Completed in 1788ms
517 timing reifyNode:node_modules/@radix-ui/react-primitive Completed in 1791ms
518 timing reifyNode:node_modules/@prisma/get-platform/node_modules/@prisma/debug Completed in 1792ms
519 timing reifyNode:node_modules/lru.min Completed in 1797ms
520 timing reifyNode:node_modules/nypm Completed in 1797ms
521 timing reifyNode:node_modules/seq-queue Completed in 1798ms
522 timing reifyNode:node_modules/readdirp Completed in 1798ms
523 timing reifyNode:node_modules/@radix-ui/react-use-effect-event Completed in 1799ms
524 timing reifyNode:node_modules/citty Completed in 1805ms
525 timing reifyNode:node_modules/fast-deep-equal Completed in 1807ms
526 timing reifyNode:node_modules/defu Completed in 1807ms
527 timing reifyNode:node_modules/@radix-ui/react-slot Completed in 1807ms
528 timing reifyNode:node_modules/nypm/node_modules/citty Completed in 1813ms
529 timing reifyNode:node_modules/@kurkle/color Completed in 1826ms
530 timing reifyNode:node_modules/c12 Completed in 1827ms
531 timing reifyNode:node_modules/giget Completed in 1832ms
532 timing reifyNode:node_modules/@prisma/engines Completed in 1834ms
533 timing metavuln:cache:get:security-advisory:@prisma/dev:stKxjOspQRqVHji+ozDJk9DbIs9bu13/6ZqohZf1naDHaE6hQPKEvhMqdvRmtiQkH5BIo4Ck6RXW6tWrvFJ+5Q== Completed in 77ms
534 timing metavuln:load:security-advisory:@prisma/dev:sfQJveGHDjfsqaR5ttIc//ZOuncQPpnTE6pqodmJHAQW6RDBJRHV/KyDIekRneJHrFVpWYu9fXl/llNwJ4PvAw== Completed in 24ms
535 timing metavuln:calculate:security-advisory:@prisma/dev:sfQJveGHDjfsqaR5ttIc//ZOuncQPpnTE6pqodmJHAQW6RDBJRHV/KyDIekRneJHrFVpWYu9fXl/llNwJ4PvAw== Completed in 101ms
536 timing metavuln:packument:prisma Completed in 0ms
537 timing reifyNode:node_modules/deepmerge-ts Completed in 1889ms
538 timing reifyNode:node_modules/json-schema-traverse Completed in 1896ms
539 timing reifyNode:node_modules/empathic Completed in 1897ms
540 timing reifyNode:node_modules/retry Completed in 1904ms
541 timing reifyNode:node_modules/dotenv Completed in 1910ms
542 timing reifyNode:node_modules/pathe Completed in 1909ms
543 timing reifyNode:node_modules/long Completed in 1915ms
544 timing reifyNode:node_modules/chokidar Completed in 1929ms
545 timing reifyNode:node_modules/scheduler Completed in 1934ms
546 timing metavuln:cache:get:security-advisory:prisma:2z9jJf2RENQb+O/MhxT8cffguhIXUayZCt5HELimWO7eXtX1f4vJ01H6Np6eaTewj8qTMDfBT5ClH62BJX/f1g== Completed in 77ms
547 timing metavuln:load:security-advisory:prisma:stKxjOspQRqVHji+ozDJk9DbIs9bu13/6ZqohZf1naDHaE6hQPKEvhMqdvRmtiQkH5BIo4Ck6RXW6tWrvFJ+5Q== Completed in 345ms
548 timing metavuln:calculate:security-advisory:prisma:stKxjOspQRqVHji+ozDJk9DbIs9bu13/6ZqohZf1naDHaE6hQPKEvhMqdvRmtiQkH5BIo4Ck6RXW6tWrvFJ+5Q== Completed in 422ms
549 timing auditReport:init Completed in 837ms
550 timing reify:audit Completed in 2433ms
551 timing reifyNode:node_modules/ohash Completed in 2435ms
552 timing reifyNode:node_modules/aws-ssl-profiles Completed in 2443ms
553 timing reifyNode:node_modules/zeptomatch Completed in 2455ms
554 timing reifyNode:node_modules/signal-exit Completed in 2476ms
555 timing reifyNode:node_modules/confbox Completed in 2477ms
556 timing reifyNode:node_modules/react Completed in 2485ms
557 timing reifyNode:node_modules/@types/react Completed in 2488ms
558 timing reifyNode:node_modules/foreground-child Completed in 2497ms
559 timing reifyNode:node_modules/http-status-codes Completed in 2517ms
560 timing reifyNode:node_modules/iconv-lite Completed in 2539ms
561 timing reifyNode:node_modules/@electric-sql/pglite-socket Completed in 2551ms
562 http fetch GET 200 https://registry.npmjs.org/fast-uri/-/fast-uri-3.1.0.tgz 2519ms (cache miss)
563 timing reifyNode:node_modules/fast-uri Completed in 2568ms
564 timing reifyNode:node_modules/postgres Completed in 2592ms
565 timing reifyNode:node_modules/consola Completed in 2597ms
566 timing reifyNode:node_modules/@hono/node-server Completed in 2606ms
567 timing reifyNode:node_modules/node-fetch-native Completed in 2609ms
568 timing reifyNode:node_modules/csstype Completed in 2609ms
569 timing reifyNode:node_modules/@prisma/streams-local Completed in 2612ms
570 timing reifyNode:node_modules/@prisma/fetch-engine Completed in 2670ms
571 timing reifyNode:node_modules/@prisma/get-platform Completed in 2698ms
572 timing reifyNode:node_modules/valibot Completed in 2700ms
573 timing reifyNode:node_modules/jiti Completed in 2702ms
574 timing reifyNode:node_modules/@prisma/engines/node_modules/@prisma/get-platform Completed in 2701ms
575 timing reifyNode:node_modules/@prisma/fetch-engine/node_modules/@prisma/get-platform Completed in 2704ms
576 timing reifyNode:node_modules/pure-rand Completed in 2732ms
577 timing reifyNode:node_modules/@electric-sql/pglite-tools Completed in 2731ms
578 timing reifyNode:node_modules/mysql2 Completed in 2860ms
579 timing reifyNode:node_modules/@prisma/query-plan-executor Completed in 2946ms
580 timing reifyNode:node_modules/react-dom Completed in 3200ms
581 timing reifyNode:node_modules/chart.js Completed in 3250ms
582 http fetch GET 200 https://registry.npmjs.org/ajv/-/ajv-8.18.0.tgz 3417ms (cache miss)
583 timing reifyNode:node_modules/ajv Completed in 3457ms
584 timing reifyNode:node_modules/remeda Completed in 3677ms
585 timing reifyNode:node_modules/@prisma/dev Completed in 3692ms
586 timing reifyNode:node_modules/hono Completed in 3955ms
587 timing reifyNode:node_modules/fast-check Completed in 4045ms
588 timing reifyNode:node_modules/@electric-sql/pglite Completed in 4096ms
589 timing reifyNode:node_modules/@prisma/studio-core Completed in 4254ms
590 timing reifyNode:node_modules/prisma Completed in 4265ms
591 timing reifyNode:node_modules/effect Completed in 5218ms
592 timing reify:unpack Completed in 5223ms
593 timing reify:unretire Completed in 1ms
594 timing build:queue Completed in 5ms
595 info run prisma@7.7.0 preinstall node_modules/prisma node scripts/preinstall-entry.js
596 info run prisma@7.7.0 preinstall { code: 1, signal: null }
597 timing reify:rollback:createSparse Completed in 1378ms
598 timing reify:rollback:retireShallow Completed in 0ms
599 timing command:exec Completed in 43003ms
600 verbose exit 1
601 timing npm Completed in 43423ms
602 verbose unfinished npm timer reify 1775662094314
603 verbose unfinished npm timer reify:build 1775662107101
604 verbose unfinished npm timer build 1775662107101
605 verbose unfinished npm timer build:deps 1775662107101
606 verbose unfinished npm timer build:run:preinstall 1775662107107
607 verbose unfinished npm timer build:run:preinstall:node_modules/prisma 1775662107107
608 verbose code 1
