0 verbose cli /usr/local/bin/node /usr/local/lib/node_modules/npm/bin/npm-cli.js
1 info using npm@10.2.4
2 info using node@v21.6.1
3 timing npm:load:whichnode Completed in 1ms
4 timing config:load:defaults Completed in 2ms
5 timing config:load:file:/usr/local/lib/node_modules/npm/npmrc Completed in 3ms
6 timing config:load:builtin Completed in 3ms
7 timing config:load:cli Completed in 3ms
8 timing config:load:env Completed in 1ms
9 timing config:load:file:/Users/mr.akpini/Desktop/urban-kicks/frontend/.npmrc Completed in 2ms
10 timing config:load:project Completed in 5ms
11 timing config:load:file:/Users/mr.akpini/.npmrc Completed in 0ms
12 timing config:load:user Completed in 0ms
13 timing config:load:file:/usr/local/etc/npmrc Completed in 0ms
14 timing config:load:global Completed in 0ms
15 timing config:load:setEnvs Completed in 1ms
16 timing config:load Completed in 16ms
17 timing npm:load:configload Completed in 16ms
18 timing config:load:flatten Completed in 5ms
19 timing npm:load:mkdirpcache Completed in 0ms
20 timing npm:load:mkdirplogs Completed in 0ms
21 verbose title npm exec tailwindcss init -p
22 verbose argv "exec" "--yes" "--" "tailwindcss" "init" "-p"
23 timing npm:load:setTitle Completed in 36ms
24 timing npm:load:display Completed in 2ms
25 verbose logfile logs-max:10 dir:/Users/mr.akpini/Desktop/urban-kicks/.npm-cache/_logs/2026-04-08T15_23_57_122Z-
26 verbose logfile /Users/mr.akpini/Desktop/urban-kicks/.npm-cache/_logs/2026-04-08T15_23_57_122Z-debug-0.log
27 timing npm:load:logFile Completed in 16ms
28 timing npm:load:timers Completed in 0ms
29 timing npm:load:configScope Completed in 0ms
30 timing npm:load Completed in 101ms
31 silly logfile done cleaning log files
32 timing arborist:ctor Completed in 2ms
33 timing arborist:ctor Completed in 0ms
34 timing command:exec Completed in 90ms
35 verbose stack Error: could not determine executable to run
35 verbose stack     at getBinFromManifest (/usr/local/lib/node_modules/npm/node_modules/libnpmexec/lib/get-bin-from-manifest.js:17:23)
35 verbose stack     at exec (/usr/local/lib/node_modules/npm/node_modules/libnpmexec/lib/index.js:188:15)
35 verbose stack     at async module.exports (/usr/local/lib/node_modules/npm/lib/cli-entry.js:61:5)
36 verbose pkgid tailwindcss@4.2.2
37 verbose cwd /Users/mr.akpini/Desktop/urban-kicks/frontend
38 verbose Darwin 24.6.0
39 verbose node v21.6.1
40 verbose npm  v10.2.4
41 error could not determine executable to run
42 verbose exit 1
43 timing npm Completed in 530ms
44 verbose code 1
45 error A complete log of this run can be found in: /Users/mr.akpini/Desktop/urban-kicks/.npm-cache/_logs/2026-04-08T15_23_57_122Z-debug-0.log
